[1.001s] Invoking command in '/workspaces/ros2_ws/src/follow-ahead-project/build/follow': PYTHONPATH=/workspaces/ros2_ws/src/follow-ahead-project/build/follow/prefix_override:/usr/lib/python3/dist-packages/colcon_core/task/python/colcon_distutils_commands:/workspaces/ros2_ws/src/follow-ahead-project/install/follow/lib/python3.10/site-packages:${PYTHONPATH} /usr/bin/python3 -W ignore:setup.py install is deprecated -W ignore:easy_install command is deprecated setup.py develop --editable --build-directory /workspaces/ros2_ws/src/follow-ahead-project/build/follow/build --no-deps symlink_data
[1.408s] running develop
[1.712s] running egg_info
[1.713s] creating follow.egg-info
[1.715s] writing follow.egg-info/PKG-INFO
[1.722s] writing dependency_links to follow.egg-info/dependency_links.txt
[1.726s] writing entry points to follow.egg-info/entry_points.txt
[1.730s] writing requirements to follow.egg-info/requires.txt
[1.733s] writing top-level names to follow.egg-info/top_level.txt
[1.738s] writing manifest file 'follow.egg-info/SOURCES.txt'
[1.757s] reading manifest file 'follow.egg-info/SOURCES.txt'
[1.761s] writing manifest file 'follow.egg-info/SOURCES.txt'
[1.767s] running build_ext
[1.769s] Creating /workspaces/ros2_ws/src/follow-ahead-project/install/follow/lib/python3.10/site-packages/follow.egg-link (link to .)
[1.803s] Installing fake_vicon script to /workspaces/ros2_ws/src/follow-ahead-project/install/follow/lib/follow
[1.812s] Installing main script to /workspaces/ros2_ws/src/follow-ahead-project/install/follow/lib/follow
[1.826s] 
[1.827s] Installed /workspaces/ros2_ws/src/follow-ahead-project/build/follow
[1.828s] running symlink_data
[1.829s] creating /workspaces/ros2_ws/src/follow-ahead-project/install/follow/share/ament_index
[1.830s] creating /workspaces/ros2_ws/src/follow-ahead-project/install/follow/share/ament_index/resource_index
[1.832s] creating /workspaces/ros2_ws/src/follow-ahead-project/install/follow/share/ament_index/resource_index/packages
[1.836s] symbolically linking /workspaces/ros2_ws/src/follow-ahead-project/build/follow/resource/follow -> /workspaces/ros2_ws/src/follow-ahead-project/install/follow/share/ament_index/resource_index/packages
[1.838s] symbolically linking /workspaces/ros2_ws/src/follow-ahead-project/build/follow/package.xml -> /workspaces/ros2_ws/src/follow-ahead-project/install/follow/share/follow
[1.841s] creating /workspaces/ros2_ws/src/follow-ahead-project/install/follow/share/follow/params
[1.844s] symbolically linking /workspaces/ros2_ws/src/follow-ahead-project/build/follow/params/nav2_params.yaml -> /workspaces/ros2_ws/src/follow-ahead-project/install/follow/share/follow/params
[1.846s] symbolically linking /workspaces/ros2_ws/src/follow-ahead-project/build/follow/params/vicon_params.yaml -> /workspaces/ros2_ws/src/follow-ahead-project/install/follow/share/follow/params
[1.848s] creating /workspaces/ros2_ws/src/follow-ahead-project/install/follow/share/follow/launch
[1.850s] symbolically linking /workspaces/ros2_ws/src/follow-ahead-project/build/follow/launch/follow.launch.py -> /workspaces/ros2_ws/src/follow-ahead-project/install/follow/share/follow/launch
[1.852s] creating /workspaces/ros2_ws/src/follow-ahead-project/install/follow/share/follow/include
[1.855s] symbolically linking /workspaces/ros2_ws/src/follow-ahead-project/build/follow/include/cropped.yaml -> /workspaces/ros2_ws/src/follow-ahead-project/install/follow/share/follow/include
[1.857s] symbolically linking /workspaces/ros2_ws/src/follow-ahead-project/build/follow/include/cropped.pgm -> /workspaces/ros2_ws/src/follow-ahead-project/install/follow/share/follow/include
[1.859s] symbolically linking /workspaces/ros2_ws/src/follow-ahead-project/build/follow/include/human_prob.pth -> /workspaces/ros2_ws/src/follow-ahead-project/install/follow/share/follow/include
[1.861s] symbolically linking /workspaces/ros2_ws/src/follow-ahead-project/build/follow/include/multiply_rewards_1.zip -> /workspaces/ros2_ws/src/follow-ahead-project/install/follow/share/follow/include
[1.863s] creating /workspaces/ros2_ws/src/follow-ahead-project/install/follow/share/follow/worlds
[1.864s] symbolically linking /workspaces/ros2_ws/src/follow-ahead-project/build/follow/worlds/follow_world.world -> /workspaces/ros2_ws/src/follow-ahead-project/install/follow/share/follow/worlds
[1.902s] Invoked command in '/workspaces/ros2_ws/src/follow-ahead-project/build/follow' returned '0': PYTHONPATH=/workspaces/ros2_ws/src/follow-ahead-project/build/follow/prefix_override:/usr/lib/python3/dist-packages/colcon_core/task/python/colcon_distutils_commands:/workspaces/ros2_ws/src/follow-ahead-project/install/follow/lib/python3.10/site-packages:${PYTHONPATH} /usr/bin/python3 -W ignore:setup.py install is deprecated -W ignore:easy_install command is deprecated setup.py develop --editable --build-directory /workspaces/ros2_ws/src/follow-ahead-project/build/follow/build --no-deps symlink_data
