[0.105s] DEBUG:colcon:Command line arguments: ['/usr/bin/colcon', 'build', '--symlink-install']
[0.105s] DEBUG:colcon:Parsed command line arguments: Namespace(log_base=None, log_level=None, verb_name='build', build_base='build', install_base='install', merge_install=False, symlink_install=True, test_result_base=None, continue_on_error=False, executor='parallel', parallel_workers=32, event_handlers=None, ignore_user_meta=False, metas=['./colcon.meta'], base_paths=['.'], packages_ignore=None, packages_ignore_regex=None, paths=None, packages_up_to=None, packages_up_to_regex=None, packages_above=None, packages_above_and_dependencies=None, packages_above_depth=None, packages_select_by_dep=None, packages_skip_by_dep=None, packages_skip_up_to=None, packages_select_build_failed=False, packages_skip_build_finished=False, packages_select_test_failures=False, packages_skip_test_passed=False, packages_select=None, packages_skip=None, packages_select_regex=None, packages_skip_regex=None, packages_start=None, packages_end=None, allow_overriding=[], cmake_args=None, cmake_target=None, cmake_target_skip_unavailable=False, cmake_clean_cache=False, cmake_clean_first=False, cmake_force_configure=False, ament_cmake_args=None, catkin_cmake_args=None, catkin_skip_building_tests=False, mixin_files=None, mixin=None, verb_parser=<colcon_mixin.mixin.mixin_argument.MixinArgumentDecorator object at 0x75645f6891c0>, verb_extension=<colcon_core.verb.build.BuildVerb object at 0x75645f60ade0>, main=<bound method BuildVerb.main of <colcon_core.verb.build.BuildVerb object at 0x75645f60ade0>>, mixin_verb=('build',))
[0.146s] Level 1:colcon.colcon_core.package_discovery:discover_packages(colcon_meta) check parameters
[0.147s] Level 1:colcon.colcon_core.package_discovery:discover_packages(recursive) check parameters
[0.147s] Level 1:colcon.colcon_core.package_discovery:discover_packages(ignore) check parameters
[0.147s] Level 1:colcon.colcon_core.package_discovery:discover_packages(path) check parameters
[0.148s] Level 1:colcon.colcon_core.package_discovery:discover_packages(colcon_meta) discover
[0.149s] Level 1:colcon.colcon_core.package_discovery:discover_packages(recursive) discover
[0.149s] INFO:colcon.colcon_core.package_discovery:Crawling recursively for packages in '/home/asa410/ros2_ws/src/follow-ahead-project'
[0.150s] Level 1:colcon.colcon_core.package_identification:_identify(.) by extensions ['ignore', 'ignore_ament_install']
[0.150s] Level 1:colcon.colcon_core.package_identification:_identify(.) by extension 'ignore'
[0.151s] Level 1:colcon.colcon_core.package_identification:_identify(.) by extension 'ignore_ament_install'
[0.151s] Level 1:colcon.colcon_core.package_identification:_identify(.) by extensions ['colcon_pkg']
[0.152s] Level 1:colcon.colcon_core.package_identification:_identify(.) by extension 'colcon_pkg'
[0.152s] Level 1:colcon.colcon_core.package_identification:_identify(.) by extensions ['colcon_meta']
[0.152s] Level 1:colcon.colcon_core.package_identification:_identify(.) by extension 'colcon_meta'
[0.152s] Level 1:colcon.colcon_core.package_identification:_identify(.) by extensions ['ros']
[0.152s] Level 1:colcon.colcon_core.package_identification:_identify(.) by extension 'ros'
[0.167s] Level 1:colcon.colcon_core.package_identification:_identify(.) by extensions ['cmake', 'python']
[0.167s] Level 1:colcon.colcon_core.package_identification:_identify(.) by extension 'cmake'
[0.167s] Level 1:colcon.colcon_core.package_identification:_identify(.) by extension 'python'
[0.168s] Level 1:colcon.colcon_core.package_identification:_identify(.) by extensions ['python_setup_py']
[0.168s] Level 1:colcon.colcon_core.package_identification:_identify(.) by extension 'python_setup_py'
[0.170s] Level 1:colcon.colcon_core.package_identification:_identify(RL_sim) by extensions ['ignore', 'ignore_ament_install']
[0.170s] Level 1:colcon.colcon_core.package_identification:_identify(RL_sim) by extension 'ignore'
[0.170s] Level 1:colcon.colcon_core.package_identification:_identify(RL_sim) by extension 'ignore_ament_install'
[0.171s] Level 1:colcon.colcon_core.package_identification:_identify(RL_sim) by extensions ['colcon_pkg']
[0.172s] Level 1:colcon.colcon_core.package_identification:_identify(RL_sim) by extension 'colcon_pkg'
[0.172s] Level 1:colcon.colcon_core.package_identification:_identify(RL_sim) by extensions ['colcon_meta']
[0.172s] Level 1:colcon.colcon_core.package_identification:_identify(RL_sim) by extension 'colcon_meta'
[0.172s] Level 1:colcon.colcon_core.package_identification:_identify(RL_sim) by extensions ['ros']
[0.173s] Level 1:colcon.colcon_core.package_identification:_identify(RL_sim) by extension 'ros'
[0.174s] Level 1:colcon.colcon_core.package_identification:_identify(RL_sim) by extensions ['cmake', 'python']
[0.175s] Level 1:colcon.colcon_core.package_identification:_identify(RL_sim) by extension 'cmake'
[0.175s] Level 1:colcon.colcon_core.package_identification:_identify(RL_sim) by extension 'python'
[0.175s] Level 1:colcon.colcon_core.package_identification:_identify(RL_sim) by extensions ['python_setup_py']
[0.175s] Level 1:colcon.colcon_core.package_identification:_identify(RL_sim) by extension 'python_setup_py'
[0.177s] Level 1:colcon.colcon_core.package_identification:_identify(RL_sim/__pycache__) by extensions ['ignore', 'ignore_ament_install']
[0.177s] Level 1:colcon.colcon_core.package_identification:_identify(RL_sim/__pycache__) by extension 'ignore'
[0.178s] Level 1:colcon.colcon_core.package_identification:_identify(RL_sim/__pycache__) by extension 'ignore_ament_install'
[0.178s] Level 1:colcon.colcon_core.package_identification:_identify(RL_sim/__pycache__) by extensions ['colcon_pkg']
[0.178s] Level 1:colcon.colcon_core.package_identification:_identify(RL_sim/__pycache__) by extension 'colcon_pkg'
[0.178s] Level 1:colcon.colcon_core.package_identification:_identify(RL_sim/__pycache__) by extensions ['colcon_meta']
[0.179s] Level 1:colcon.colcon_core.package_identification:_identify(RL_sim/__pycache__) by extension 'colcon_meta'
[0.179s] Level 1:colcon.colcon_core.package_identification:_identify(RL_sim/__pycache__) by extensions ['ros']
[0.180s] Level 1:colcon.colcon_core.package_identification:_identify(RL_sim/__pycache__) by extension 'ros'
[0.180s] Level 1:colcon.colcon_core.package_identification:_identify(RL_sim/__pycache__) by extensions ['cmake', 'python']
[0.180s] Level 1:colcon.colcon_core.package_identification:_identify(RL_sim/__pycache__) by extension 'cmake'
[0.180s] Level 1:colcon.colcon_core.package_identification:_identify(RL_sim/__pycache__) by extension 'python'
[0.181s] Level 1:colcon.colcon_core.package_identification:_identify(RL_sim/__pycache__) by extensions ['python_setup_py']
[0.181s] Level 1:colcon.colcon_core.package_identification:_identify(RL_sim/__pycache__) by extension 'python_setup_py'
[0.182s] Level 1:colcon.colcon_core.package_identification:_identify(RL_sim/models) by extensions ['ignore', 'ignore_ament_install']
[0.182s] Level 1:colcon.colcon_core.package_identification:_identify(RL_sim/models) by extension 'ignore'
[0.183s] Level 1:colcon.colcon_core.package_identification:_identify(RL_sim/models) by extension 'ignore_ament_install'
[0.184s] Level 1:colcon.colcon_core.package_identification:_identify(RL_sim/models) by extensions ['colcon_pkg']
[0.185s] Level 1:colcon.colcon_core.package_identification:_identify(RL_sim/models) by extension 'colcon_pkg'
[0.185s] Level 1:colcon.colcon_core.package_identification:_identify(RL_sim/models) by extensions ['colcon_meta']
[0.185s] Level 1:colcon.colcon_core.package_identification:_identify(RL_sim/models) by extension 'colcon_meta'
[0.185s] Level 1:colcon.colcon_core.package_identification:_identify(RL_sim/models) by extensions ['ros']
[0.186s] Level 1:colcon.colcon_core.package_identification:_identify(RL_sim/models) by extension 'ros'
[0.186s] Level 1:colcon.colcon_core.package_identification:_identify(RL_sim/models) by extensions ['cmake', 'python']
[0.187s] Level 1:colcon.colcon_core.package_identification:_identify(RL_sim/models) by extension 'cmake'
[0.187s] Level 1:colcon.colcon_core.package_identification:_identify(RL_sim/models) by extension 'python'
[0.187s] Level 1:colcon.colcon_core.package_identification:_identify(RL_sim/models) by extensions ['python_setup_py']
[0.187s] Level 1:colcon.colcon_core.package_identification:_identify(RL_sim/models) by extension 'python_setup_py'
[0.189s] Level 1:colcon.colcon_core.package_identification:_identify(assets) by extensions ['ignore', 'ignore_ament_install']
[0.189s] Level 1:colcon.colcon_core.package_identification:_identify(assets) by extension 'ignore'
[0.190s] Level 1:colcon.colcon_core.package_identification:_identify(assets) by extension 'ignore_ament_install'
[0.190s] Level 1:colcon.colcon_core.package_identification:_identify(assets) by extensions ['colcon_pkg']
[0.191s] Level 1:colcon.colcon_core.package_identification:_identify(assets) by extension 'colcon_pkg'
[0.191s] Level 1:colcon.colcon_core.package_identification:_identify(assets) by extensions ['colcon_meta']
[0.192s] Level 1:colcon.colcon_core.package_identification:_identify(assets) by extension 'colcon_meta'
[0.192s] Level 1:colcon.colcon_core.package_identification:_identify(assets) by extensions ['ros']
[0.193s] Level 1:colcon.colcon_core.package_identification:_identify(assets) by extension 'ros'
[0.193s] Level 1:colcon.colcon_core.package_identification:_identify(assets) by extensions ['cmake', 'python']
[0.193s] Level 1:colcon.colcon_core.package_identification:_identify(assets) by extension 'cmake'
[0.193s] Level 1:colcon.colcon_core.package_identification:_identify(assets) by extension 'python'
[0.194s] Level 1:colcon.colcon_core.package_identification:_identify(assets) by extensions ['python_setup_py']
[0.194s] Level 1:colcon.colcon_core.package_identification:_identify(assets) by extension 'python_setup_py'
[0.196s] Level 1:colcon.colcon_core.package_identification:_identify(build) by extensions ['ignore', 'ignore_ament_install']
[0.196s] Level 1:colcon.colcon_core.package_identification:_identify(build) by extension 'ignore'
[0.196s] Level 1:colcon.colcon_core.package_identification:_identify(build) ignored
[0.198s] Level 1:colcon.colcon_core.package_identification:_identify(env) by extensions ['ignore', 'ignore_ament_install']
[0.198s] Level 1:colcon.colcon_core.package_identification:_identify(env) by extension 'ignore'
[0.199s] Level 1:colcon.colcon_core.package_identification:_identify(env) by extension 'ignore_ament_install'
[0.199s] Level 1:colcon.colcon_core.package_identification:_identify(env) by extensions ['colcon_pkg']
[0.200s] Level 1:colcon.colcon_core.package_identification:_identify(env) by extension 'colcon_pkg'
[0.200s] Level 1:colcon.colcon_core.package_identification:_identify(env) by extensions ['colcon_meta']
[0.200s] Level 1:colcon.colcon_core.package_identification:_identify(env) by extension 'colcon_meta'
[0.200s] Level 1:colcon.colcon_core.package_identification:_identify(env) by extensions ['ros']
[0.201s] Level 1:colcon.colcon_core.package_identification:_identify(env) by extension 'ros'
[0.201s] Level 1:colcon.colcon_core.package_identification:_identify(env) by extensions ['cmake', 'python']
[0.202s] Level 1:colcon.colcon_core.package_identification:_identify(env) by extension 'cmake'
[0.202s] Level 1:colcon.colcon_core.package_identification:_identify(env) by extension 'python'
[0.203s] Level 1:colcon.colcon_core.package_identification:_identify(env) by extensions ['python_setup_py']
[0.204s] Level 1:colcon.colcon_core.package_identification:_identify(env) by extension 'python_setup_py'
[0.205s] Level 1:colcon.colcon_core.package_identification:_identify(env/integration) by extensions ['ignore', 'ignore_ament_install']
[0.205s] Level 1:colcon.colcon_core.package_identification:_identify(env/integration) by extension 'ignore'
[0.206s] Level 1:colcon.colcon_core.package_identification:_identify(env/integration) by extension 'ignore_ament_install'
[0.207s] Level 1:colcon.colcon_core.package_identification:_identify(env/integration) by extensions ['colcon_pkg']
[0.208s] Level 1:colcon.colcon_core.package_identification:_identify(env/integration) by extension 'colcon_pkg'
[0.208s] Level 1:colcon.colcon_core.package_identification:_identify(env/integration) by extensions ['colcon_meta']
[0.208s] Level 1:colcon.colcon_core.package_identification:_identify(env/integration) by extension 'colcon_meta'
[0.209s] Level 1:colcon.colcon_core.package_identification:_identify(env/integration) by extensions ['ros']
[0.209s] Level 1:colcon.colcon_core.package_identification:_identify(env/integration) by extension 'ros'
[0.209s] Level 1:colcon.colcon_core.package_identification:_identify(env/integration) by extensions ['cmake', 'python']
[0.210s] Level 1:colcon.colcon_core.package_identification:_identify(env/integration) by extension 'cmake'
[0.210s] Level 1:colcon.colcon_core.package_identification:_identify(env/integration) by extension 'python'
[0.211s] Level 1:colcon.colcon_core.package_identification:_identify(env/integration) by extensions ['python_setup_py']
[0.211s] Level 1:colcon.colcon_core.package_identification:_identify(env/integration) by extension 'python_setup_py'
[0.213s] Level 1:colcon.colcon_core.package_identification:_identify(env/sim) by extensions ['ignore', 'ignore_ament_install']
[0.213s] Level 1:colcon.colcon_core.package_identification:_identify(env/sim) by extension 'ignore'
[0.214s] Level 1:colcon.colcon_core.package_identification:_identify(env/sim) by extension 'ignore_ament_install'
[0.214s] Level 1:colcon.colcon_core.package_identification:_identify(env/sim) by extensions ['colcon_pkg']
[0.214s] Level 1:colcon.colcon_core.package_identification:_identify(env/sim) by extension 'colcon_pkg'
[0.214s] Level 1:colcon.colcon_core.package_identification:_identify(env/sim) by extensions ['colcon_meta']
[0.215s] Level 1:colcon.colcon_core.package_identification:_identify(env/sim) by extension 'colcon_meta'
[0.215s] Level 1:colcon.colcon_core.package_identification:_identify(env/sim) by extensions ['ros']
[0.216s] Level 1:colcon.colcon_core.package_identification:_identify(env/sim) by extension 'ros'
[0.216s] Level 1:colcon.colcon_core.package_identification:_identify(env/sim) by extensions ['cmake', 'python']
[0.217s] Level 1:colcon.colcon_core.package_identification:_identify(env/sim) by extension 'cmake'
[0.217s] Level 1:colcon.colcon_core.package_identification:_identify(env/sim) by extension 'python'
[0.218s] Level 1:colcon.colcon_core.package_identification:_identify(env/sim) by extensions ['python_setup_py']
[0.218s] Level 1:colcon.colcon_core.package_identification:_identify(env/sim) by extension 'python_setup_py'
[0.219s] Level 1:colcon.colcon_core.package_identification:_identify(follow) by extensions ['ignore', 'ignore_ament_install']
[0.219s] Level 1:colcon.colcon_core.package_identification:_identify(follow) by extension 'ignore'
[0.220s] Level 1:colcon.colcon_core.package_identification:_identify(follow) by extension 'ignore_ament_install'
[0.220s] Level 1:colcon.colcon_core.package_identification:_identify(follow) by extensions ['colcon_pkg']
[0.221s] Level 1:colcon.colcon_core.package_identification:_identify(follow) by extension 'colcon_pkg'
[0.221s] Level 1:colcon.colcon_core.package_identification:_identify(follow) by extensions ['colcon_meta']
[0.222s] Level 1:colcon.colcon_core.package_identification:_identify(follow) by extension 'colcon_meta'
[0.222s] Level 1:colcon.colcon_core.package_identification:_identify(follow) by extensions ['ros']
[0.222s] Level 1:colcon.colcon_core.package_identification:_identify(follow) by extension 'ros'
[0.234s] DEBUG:colcon.colcon_core.package_identification:Package 'follow' with type 'ros.ament_python' and name 'follow'
[0.235s] Level 1:colcon.colcon_core.package_identification:_identify(install) by extensions ['ignore', 'ignore_ament_install']
[0.235s] Level 1:colcon.colcon_core.package_identification:_identify(install) by extension 'ignore'
[0.236s] Level 1:colcon.colcon_core.package_identification:_identify(install) ignored
[0.238s] Level 1:colcon.colcon_core.package_identification:_identify(log) by extensions ['ignore', 'ignore_ament_install']
[0.238s] Level 1:colcon.colcon_core.package_identification:_identify(log) by extension 'ignore'
[0.239s] Level 1:colcon.colcon_core.package_identification:_identify(log) ignored
[0.239s] Level 1:colcon.colcon_core.package_identification:_identify(lstm-fc) by extensions ['ignore', 'ignore_ament_install']
[0.239s] Level 1:colcon.colcon_core.package_identification:_identify(lstm-fc) by extension 'ignore'
[0.240s] Level 1:colcon.colcon_core.package_identification:_identify(lstm-fc) by extension 'ignore_ament_install'
[0.240s] Level 1:colcon.colcon_core.package_identification:_identify(lstm-fc) by extensions ['colcon_pkg']
[0.241s] Level 1:colcon.colcon_core.package_identification:_identify(lstm-fc) by extension 'colcon_pkg'
[0.241s] Level 1:colcon.colcon_core.package_identification:_identify(lstm-fc) by extensions ['colcon_meta']
[0.242s] Level 1:colcon.colcon_core.package_identification:_identify(lstm-fc) by extension 'colcon_meta'
[0.242s] Level 1:colcon.colcon_core.package_identification:_identify(lstm-fc) by extensions ['ros']
[0.242s] Level 1:colcon.colcon_core.package_identification:_identify(lstm-fc) by extension 'ros'
[0.242s] Level 1:colcon.colcon_core.package_identification:_identify(lstm-fc) by extensions ['cmake', 'python']
[0.243s] Level 1:colcon.colcon_core.package_identification:_identify(lstm-fc) by extension 'cmake'
[0.243s] Level 1:colcon.colcon_core.package_identification:_identify(lstm-fc) by extension 'python'
[0.244s] Level 1:colcon.colcon_core.package_identification:_identify(lstm-fc) by extensions ['python_setup_py']
[0.244s] Level 1:colcon.colcon_core.package_identification:_identify(lstm-fc) by extension 'python_setup_py'
[0.245s] Level 1:colcon.colcon_core.package_identification:_identify(lstm-fc/lstm_fc) by extensions ['ignore', 'ignore_ament_install']
[0.245s] Level 1:colcon.colcon_core.package_identification:_identify(lstm-fc/lstm_fc) by extension 'ignore'
[0.246s] Level 1:colcon.colcon_core.package_identification:_identify(lstm-fc/lstm_fc) by extension 'ignore_ament_install'
[0.246s] Level 1:colcon.colcon_core.package_identification:_identify(lstm-fc/lstm_fc) by extensions ['colcon_pkg']
[0.246s] Level 1:colcon.colcon_core.package_identification:_identify(lstm-fc/lstm_fc) by extension 'colcon_pkg'
[0.246s] Level 1:colcon.colcon_core.package_identification:_identify(lstm-fc/lstm_fc) by extensions ['colcon_meta']
[0.247s] Level 1:colcon.colcon_core.package_identification:_identify(lstm-fc/lstm_fc) by extension 'colcon_meta'
[0.247s] Level 1:colcon.colcon_core.package_identification:_identify(lstm-fc/lstm_fc) by extensions ['ros']
[0.248s] Level 1:colcon.colcon_core.package_identification:_identify(lstm-fc/lstm_fc) by extension 'ros'
[0.249s] Level 1:colcon.colcon_core.package_identification:_identify(lstm-fc/lstm_fc) by extensions ['cmake', 'python']
[0.249s] Level 1:colcon.colcon_core.package_identification:_identify(lstm-fc/lstm_fc) by extension 'cmake'
[0.250s] Level 1:colcon.colcon_core.package_identification:_identify(lstm-fc/lstm_fc) by extension 'python'
[0.250s] Level 1:colcon.colcon_core.package_identification:_identify(lstm-fc/lstm_fc) by extensions ['python_setup_py']
[0.250s] Level 1:colcon.colcon_core.package_identification:_identify(lstm-fc/lstm_fc) by extension 'python_setup_py'
[0.251s] Level 1:colcon.colcon_core.package_identification:_identify(lstm-fc/lstm_fc/__pycache__) by extensions ['ignore', 'ignore_ament_install']
[0.252s] Level 1:colcon.colcon_core.package_identification:_identify(lstm-fc/lstm_fc/__pycache__) by extension 'ignore'
[0.252s] Level 1:colcon.colcon_core.package_identification:_identify(lstm-fc/lstm_fc/__pycache__) by extension 'ignore_ament_install'
[0.253s] Level 1:colcon.colcon_core.package_identification:_identify(lstm-fc/lstm_fc/__pycache__) by extensions ['colcon_pkg']
[0.253s] Level 1:colcon.colcon_core.package_identification:_identify(lstm-fc/lstm_fc/__pycache__) by extension 'colcon_pkg'
[0.253s] Level 1:colcon.colcon_core.package_identification:_identify(lstm-fc/lstm_fc/__pycache__) by extensions ['colcon_meta']
[0.254s] Level 1:colcon.colcon_core.package_identification:_identify(lstm-fc/lstm_fc/__pycache__) by extension 'colcon_meta'
[0.254s] Level 1:colcon.colcon_core.package_identification:_identify(lstm-fc/lstm_fc/__pycache__) by extensions ['ros']
[0.255s] Level 1:colcon.colcon_core.package_identification:_identify(lstm-fc/lstm_fc/__pycache__) by extension 'ros'
[0.255s] Level 1:colcon.colcon_core.package_identification:_identify(lstm-fc/lstm_fc/__pycache__) by extensions ['cmake', 'python']
[0.256s] Level 1:colcon.colcon_core.package_identification:_identify(lstm-fc/lstm_fc/__pycache__) by extension 'cmake'
[0.256s] Level 1:colcon.colcon_core.package_identification:_identify(lstm-fc/lstm_fc/__pycache__) by extension 'python'
[0.256s] Level 1:colcon.colcon_core.package_identification:_identify(lstm-fc/lstm_fc/__pycache__) by extensions ['python_setup_py']
[0.256s] Level 1:colcon.colcon_core.package_identification:_identify(lstm-fc/lstm_fc/__pycache__) by extension 'python_setup_py'
[0.258s] Level 1:colcon.colcon_core.package_identification:_identify(lstm-fc/lstm_fc/data) by extensions ['ignore', 'ignore_ament_install']
[0.258s] Level 1:colcon.colcon_core.package_identification:_identify(lstm-fc/lstm_fc/data) by extension 'ignore'
[0.259s] Level 1:colcon.colcon_core.package_identification:_identify(lstm-fc/lstm_fc/data) by extension 'ignore_ament_install'
[0.260s] Level 1:colcon.colcon_core.package_identification:_identify(lstm-fc/lstm_fc/data) by extensions ['colcon_pkg']
[0.260s] Level 1:colcon.colcon_core.package_identification:_identify(lstm-fc/lstm_fc/data) by extension 'colcon_pkg'
[0.260s] Level 1:colcon.colcon_core.package_identification:_identify(lstm-fc/lstm_fc/data) by extensions ['colcon_meta']
[0.261s] Level 1:colcon.colcon_core.package_identification:_identify(lstm-fc/lstm_fc/data) by extension 'colcon_meta'
[0.261s] Level 1:colcon.colcon_core.package_identification:_identify(lstm-fc/lstm_fc/data) by extensions ['ros']
[0.262s] Level 1:colcon.colcon_core.package_identification:_identify(lstm-fc/lstm_fc/data) by extension 'ros'
[0.262s] Level 1:colcon.colcon_core.package_identification:_identify(lstm-fc/lstm_fc/data) by extensions ['cmake', 'python']
[0.263s] Level 1:colcon.colcon_core.package_identification:_identify(lstm-fc/lstm_fc/data) by extension 'cmake'
[0.263s] Level 1:colcon.colcon_core.package_identification:_identify(lstm-fc/lstm_fc/data) by extension 'python'
[0.263s] Level 1:colcon.colcon_core.package_identification:_identify(lstm-fc/lstm_fc/data) by extensions ['python_setup_py']
[0.263s] Level 1:colcon.colcon_core.package_identification:_identify(lstm-fc/lstm_fc/data) by extension 'python_setup_py'
[0.265s] Level 1:colcon.colcon_core.package_identification:_identify(lstm-fc/lstm_fc/data/__pycache__) by extensions ['ignore', 'ignore_ament_install']
[0.265s] Level 1:colcon.colcon_core.package_identification:_identify(lstm-fc/lstm_fc/data/__pycache__) by extension 'ignore'
[0.266s] Level 1:colcon.colcon_core.package_identification:_identify(lstm-fc/lstm_fc/data/__pycache__) by extension 'ignore_ament_install'
[0.267s] Level 1:colcon.colcon_core.package_identification:_identify(lstm-fc/lstm_fc/data/__pycache__) by extensions ['colcon_pkg']
[0.267s] Level 1:colcon.colcon_core.package_identification:_identify(lstm-fc/lstm_fc/data/__pycache__) by extension 'colcon_pkg'
[0.268s] Level 1:colcon.colcon_core.package_identification:_identify(lstm-fc/lstm_fc/data/__pycache__) by extensions ['colcon_meta']
[0.268s] Level 1:colcon.colcon_core.package_identification:_identify(lstm-fc/lstm_fc/data/__pycache__) by extension 'colcon_meta'
[0.269s] Level 1:colcon.colcon_core.package_identification:_identify(lstm-fc/lstm_fc/data/__pycache__) by extensions ['ros']
[0.269s] Level 1:colcon.colcon_core.package_identification:_identify(lstm-fc/lstm_fc/data/__pycache__) by extension 'ros'
[0.269s] Level 1:colcon.colcon_core.package_identification:_identify(lstm-fc/lstm_fc/data/__pycache__) by extensions ['cmake', 'python']
[0.270s] Level 1:colcon.colcon_core.package_identification:_identify(lstm-fc/lstm_fc/data/__pycache__) by extension 'cmake'
[0.270s] Level 1:colcon.colcon_core.package_identification:_identify(lstm-fc/lstm_fc/data/__pycache__) by extension 'python'
[0.271s] Level 1:colcon.colcon_core.package_identification:_identify(lstm-fc/lstm_fc/data/__pycache__) by extensions ['python_setup_py']
[0.271s] Level 1:colcon.colcon_core.package_identification:_identify(lstm-fc/lstm_fc/data/__pycache__) by extension 'python_setup_py'
[0.272s] Level 1:colcon.colcon_core.package_identification:_identify(lstm-fc/lstm_fc/training) by extensions ['ignore', 'ignore_ament_install']
[0.272s] Level 1:colcon.colcon_core.package_identification:_identify(lstm-fc/lstm_fc/training) by extension 'ignore'
[0.273s] Level 1:colcon.colcon_core.package_identification:_identify(lstm-fc/lstm_fc/training) by extension 'ignore_ament_install'
[0.273s] Level 1:colcon.colcon_core.package_identification:_identify(lstm-fc/lstm_fc/training) by extensions ['colcon_pkg']
[0.274s] Level 1:colcon.colcon_core.package_identification:_identify(lstm-fc/lstm_fc/training) by extension 'colcon_pkg'
[0.274s] Level 1:colcon.colcon_core.package_identification:_identify(lstm-fc/lstm_fc/training) by extensions ['colcon_meta']
[0.275s] Level 1:colcon.colcon_core.package_identification:_identify(lstm-fc/lstm_fc/training) by extension 'colcon_meta'
[0.275s] Level 1:colcon.colcon_core.package_identification:_identify(lstm-fc/lstm_fc/training) by extensions ['ros']
[0.275s] Level 1:colcon.colcon_core.package_identification:_identify(lstm-fc/lstm_fc/training) by extension 'ros'
[0.276s] Level 1:colcon.colcon_core.package_identification:_identify(lstm-fc/lstm_fc/training) by extensions ['cmake', 'python']
[0.276s] Level 1:colcon.colcon_core.package_identification:_identify(lstm-fc/lstm_fc/training) by extension 'cmake'
[0.276s] Level 1:colcon.colcon_core.package_identification:_identify(lstm-fc/lstm_fc/training) by extension 'python'
[0.277s] Level 1:colcon.colcon_core.package_identification:_identify(lstm-fc/lstm_fc/training) by extensions ['python_setup_py']
[0.278s] Level 1:colcon.colcon_core.package_identification:_identify(lstm-fc/lstm_fc/training) by extension 'python_setup_py'
[0.278s] Level 1:colcon.colcon_core.package_identification:_identify(lstm-fc/lstm_fc/training/__pycache__) by extensions ['ignore', 'ignore_ament_install']
[0.279s] Level 1:colcon.colcon_core.package_identification:_identify(lstm-fc/lstm_fc/training/__pycache__) by extension 'ignore'
[0.279s] Level 1:colcon.colcon_core.package_identification:_identify(lstm-fc/lstm_fc/training/__pycache__) by extension 'ignore_ament_install'
[0.279s] Level 1:colcon.colcon_core.package_identification:_identify(lstm-fc/lstm_fc/training/__pycache__) by extensions ['colcon_pkg']
[0.280s] Level 1:colcon.colcon_core.package_identification:_identify(lstm-fc/lstm_fc/training/__pycache__) by extension 'colcon_pkg'
[0.280s] Level 1:colcon.colcon_core.package_identification:_identify(lstm-fc/lstm_fc/training/__pycache__) by extensions ['colcon_meta']
[0.281s] Level 1:colcon.colcon_core.package_identification:_identify(lstm-fc/lstm_fc/training/__pycache__) by extension 'colcon_meta'
[0.281s] Level 1:colcon.colcon_core.package_identification:_identify(lstm-fc/lstm_fc/training/__pycache__) by extensions ['ros']
[0.282s] Level 1:colcon.colcon_core.package_identification:_identify(lstm-fc/lstm_fc/training/__pycache__) by extension 'ros'
[0.282s] Level 1:colcon.colcon_core.package_identification:_identify(lstm-fc/lstm_fc/training/__pycache__) by extensions ['cmake', 'python']
[0.283s] Level 1:colcon.colcon_core.package_identification:_identify(lstm-fc/lstm_fc/training/__pycache__) by extension 'cmake'
[0.283s] Level 1:colcon.colcon_core.package_identification:_identify(lstm-fc/lstm_fc/training/__pycache__) by extension 'python'
[0.283s] Level 1:colcon.colcon_core.package_identification:_identify(lstm-fc/lstm_fc/training/__pycache__) by extensions ['python_setup_py']
[0.283s] Level 1:colcon.colcon_core.package_identification:_identify(lstm-fc/lstm_fc/training/__pycache__) by extension 'python_setup_py'
[0.285s] Level 1:colcon.colcon_core.package_identification:_identify(lstm-fc/lstm_fc.egg-info) by extensions ['ignore', 'ignore_ament_install']
[0.285s] Level 1:colcon.colcon_core.package_identification:_identify(lstm-fc/lstm_fc.egg-info) by extension 'ignore'
[0.286s] Level 1:colcon.colcon_core.package_identification:_identify(lstm-fc/lstm_fc.egg-info) by extension 'ignore_ament_install'
[0.287s] Level 1:colcon.colcon_core.package_identification:_identify(lstm-fc/lstm_fc.egg-info) by extensions ['colcon_pkg']
[0.288s] Level 1:colcon.colcon_core.package_identification:_identify(lstm-fc/lstm_fc.egg-info) by extension 'colcon_pkg'
[0.288s] Level 1:colcon.colcon_core.package_identification:_identify(lstm-fc/lstm_fc.egg-info) by extensions ['colcon_meta']
[0.288s] Level 1:colcon.colcon_core.package_identification:_identify(lstm-fc/lstm_fc.egg-info) by extension 'colcon_meta'
[0.288s] Level 1:colcon.colcon_core.package_identification:_identify(lstm-fc/lstm_fc.egg-info) by extensions ['ros']
[0.289s] Level 1:colcon.colcon_core.package_identification:_identify(lstm-fc/lstm_fc.egg-info) by extension 'ros'
[0.290s] Level 1:colcon.colcon_core.package_identification:_identify(lstm-fc/lstm_fc.egg-info) by extensions ['cmake', 'python']
[0.290s] Level 1:colcon.colcon_core.package_identification:_identify(lstm-fc/lstm_fc.egg-info) by extension 'cmake'
[0.290s] Level 1:colcon.colcon_core.package_identification:_identify(lstm-fc/lstm_fc.egg-info) by extension 'python'
[0.291s] Level 1:colcon.colcon_core.package_identification:_identify(lstm-fc/lstm_fc.egg-info) by extensions ['python_setup_py']
[0.291s] Level 1:colcon.colcon_core.package_identification:_identify(lstm-fc/lstm_fc.egg-info) by extension 'python_setup_py'
[0.292s] Level 1:colcon.colcon_core.package_identification:_identify(lstm-fc/outputs) by extensions ['ignore', 'ignore_ament_install']
[0.292s] Level 1:colcon.colcon_core.package_identification:_identify(lstm-fc/outputs) by extension 'ignore'
[0.293s] Level 1:colcon.colcon_core.package_identification:_identify(lstm-fc/outputs) by extension 'ignore_ament_install'
[0.293s] Level 1:colcon.colcon_core.package_identification:_identify(lstm-fc/outputs) by extensions ['colcon_pkg']
[0.293s] Level 1:colcon.colcon_core.package_identification:_identify(lstm-fc/outputs) by extension 'colcon_pkg'
[0.293s] Level 1:colcon.colcon_core.package_identification:_identify(lstm-fc/outputs) by extensions ['colcon_meta']
[0.294s] Level 1:colcon.colcon_core.package_identification:_identify(lstm-fc/outputs) by extension 'colcon_meta'
[0.294s] Level 1:colcon.colcon_core.package_identification:_identify(lstm-fc/outputs) by extensions ['ros']
[0.295s] Level 1:colcon.colcon_core.package_identification:_identify(lstm-fc/outputs) by extension 'ros'
[0.295s] Level 1:colcon.colcon_core.package_identification:_identify(lstm-fc/outputs) by extensions ['cmake', 'python']
[0.296s] Level 1:colcon.colcon_core.package_identification:_identify(lstm-fc/outputs) by extension 'cmake'
[0.296s] Level 1:colcon.colcon_core.package_identification:_identify(lstm-fc/outputs) by extension 'python'
[0.297s] Level 1:colcon.colcon_core.package_identification:_identify(lstm-fc/outputs) by extensions ['python_setup_py']
[0.297s] Level 1:colcon.colcon_core.package_identification:_identify(lstm-fc/outputs) by extension 'python_setup_py'
[0.298s] Level 1:colcon.colcon_core.package_identification:_identify(lstm-fc/outputs/baseline_test) by extensions ['ignore', 'ignore_ament_install']
[0.298s] Level 1:colcon.colcon_core.package_identification:_identify(lstm-fc/outputs/baseline_test) by extension 'ignore'
[0.299s] Level 1:colcon.colcon_core.package_identification:_identify(lstm-fc/outputs/baseline_test) by extension 'ignore_ament_install'
[0.300s] Level 1:colcon.colcon_core.package_identification:_identify(lstm-fc/outputs/baseline_test) by extensions ['colcon_pkg']
[0.300s] Level 1:colcon.colcon_core.package_identification:_identify(lstm-fc/outputs/baseline_test) by extension 'colcon_pkg'
[0.301s] Level 1:colcon.colcon_core.package_identification:_identify(lstm-fc/outputs/baseline_test) by extensions ['colcon_meta']
[0.301s] Level 1:colcon.colcon_core.package_identification:_identify(lstm-fc/outputs/baseline_test) by extension 'colcon_meta'
[0.301s] Level 1:colcon.colcon_core.package_identification:_identify(lstm-fc/outputs/baseline_test) by extensions ['ros']
[0.302s] Level 1:colcon.colcon_core.package_identification:_identify(lstm-fc/outputs/baseline_test) by extension 'ros'
[0.302s] Level 1:colcon.colcon_core.package_identification:_identify(lstm-fc/outputs/baseline_test) by extensions ['cmake', 'python']
[0.303s] Level 1:colcon.colcon_core.package_identification:_identify(lstm-fc/outputs/baseline_test) by extension 'cmake'
[0.303s] Level 1:colcon.colcon_core.package_identification:_identify(lstm-fc/outputs/baseline_test) by extension 'python'
[0.304s] Level 1:colcon.colcon_core.package_identification:_identify(lstm-fc/outputs/baseline_test) by extensions ['python_setup_py']
[0.304s] Level 1:colcon.colcon_core.package_identification:_identify(lstm-fc/outputs/baseline_test) by extension 'python_setup_py'
[0.305s] Level 1:colcon.colcon_core.package_identification:_identify(lstm-fc/outputs/final_best) by extensions ['ignore', 'ignore_ament_install']
[0.305s] Level 1:colcon.colcon_core.package_identification:_identify(lstm-fc/outputs/final_best) by extension 'ignore'
[0.306s] Level 1:colcon.colcon_core.package_identification:_identify(lstm-fc/outputs/final_best) by extension 'ignore_ament_install'
[0.306s] Level 1:colcon.colcon_core.package_identification:_identify(lstm-fc/outputs/final_best) by extensions ['colcon_pkg']
[0.307s] Level 1:colcon.colcon_core.package_identification:_identify(lstm-fc/outputs/final_best) by extension 'colcon_pkg'
[0.307s] Level 1:colcon.colcon_core.package_identification:_identify(lstm-fc/outputs/final_best) by extensions ['colcon_meta']
[0.308s] Level 1:colcon.colcon_core.package_identification:_identify(lstm-fc/outputs/final_best) by extension 'colcon_meta'
[0.308s] Level 1:colcon.colcon_core.package_identification:_identify(lstm-fc/outputs/final_best) by extensions ['ros']
[0.308s] Level 1:colcon.colcon_core.package_identification:_identify(lstm-fc/outputs/final_best) by extension 'ros'
[0.309s] Level 1:colcon.colcon_core.package_identification:_identify(lstm-fc/outputs/final_best) by extensions ['cmake', 'python']
[0.310s] Level 1:colcon.colcon_core.package_identification:_identify(lstm-fc/outputs/final_best) by extension 'cmake'
[0.310s] Level 1:colcon.colcon_core.package_identification:_identify(lstm-fc/outputs/final_best) by extension 'python'
[0.311s] Level 1:colcon.colcon_core.package_identification:_identify(lstm-fc/outputs/final_best) by extensions ['python_setup_py']
[0.311s] Level 1:colcon.colcon_core.package_identification:_identify(lstm-fc/outputs/final_best) by extension 'python_setup_py'
[0.312s] Level 1:colcon.colcon_core.package_identification:_identify(lstm-fc/outputs/final_best_128h) by extensions ['ignore', 'ignore_ament_install']
[0.312s] Level 1:colcon.colcon_core.package_identification:_identify(lstm-fc/outputs/final_best_128h) by extension 'ignore'
[0.313s] Level 1:colcon.colcon_core.package_identification:_identify(lstm-fc/outputs/final_best_128h) by extension 'ignore_ament_install'
[0.313s] Level 1:colcon.colcon_core.package_identification:_identify(lstm-fc/outputs/final_best_128h) by extensions ['colcon_pkg']
[0.313s] Level 1:colcon.colcon_core.package_identification:_identify(lstm-fc/outputs/final_best_128h) by extension 'colcon_pkg'
[0.313s] Level 1:colcon.colcon_core.package_identification:_identify(lstm-fc/outputs/final_best_128h) by extensions ['colcon_meta']
[0.314s] Level 1:colcon.colcon_core.package_identification:_identify(lstm-fc/outputs/final_best_128h) by extension 'colcon_meta'
[0.314s] Level 1:colcon.colcon_core.package_identification:_identify(lstm-fc/outputs/final_best_128h) by extensions ['ros']
[0.315s] Level 1:colcon.colcon_core.package_identification:_identify(lstm-fc/outputs/final_best_128h) by extension 'ros'
[0.315s] Level 1:colcon.colcon_core.package_identification:_identify(lstm-fc/outputs/final_best_128h) by extensions ['cmake', 'python']
[0.316s] Level 1:colcon.colcon_core.package_identification:_identify(lstm-fc/outputs/final_best_128h) by extension 'cmake'
[0.316s] Level 1:colcon.colcon_core.package_identification:_identify(lstm-fc/outputs/final_best_128h) by extension 'python'
[0.317s] Level 1:colcon.colcon_core.package_identification:_identify(lstm-fc/outputs/final_best_128h) by extensions ['python_setup_py']
[0.317s] Level 1:colcon.colcon_core.package_identification:_identify(lstm-fc/outputs/final_best_128h) by extension 'python_setup_py'
[0.319s] Level 1:colcon.colcon_core.package_identification:_identify(lstm-fc/outputs/final_v3) by extensions ['ignore', 'ignore_ament_install']
[0.319s] Level 1:colcon.colcon_core.package_identification:_identify(lstm-fc/outputs/final_v3) by extension 'ignore'
[0.320s] Level 1:colcon.colcon_core.package_identification:_identify(lstm-fc/outputs/final_v3) by extension 'ignore_ament_install'
[0.320s] Level 1:colcon.colcon_core.package_identification:_identify(lstm-fc/outputs/final_v3) by extensions ['colcon_pkg']
[0.320s] Level 1:colcon.colcon_core.package_identification:_identify(lstm-fc/outputs/final_v3) by extension 'colcon_pkg'
[0.321s] Level 1:colcon.colcon_core.package_identification:_identify(lstm-fc/outputs/final_v3) by extensions ['colcon_meta']
[0.321s] Level 1:colcon.colcon_core.package_identification:_identify(lstm-fc/outputs/final_v3) by extension 'colcon_meta'
[0.321s] Level 1:colcon.colcon_core.package_identification:_identify(lstm-fc/outputs/final_v3) by extensions ['ros']
[0.322s] Level 1:colcon.colcon_core.package_identification:_identify(lstm-fc/outputs/final_v3) by extension 'ros'
[0.322s] Level 1:colcon.colcon_core.package_identification:_identify(lstm-fc/outputs/final_v3) by extensions ['cmake', 'python']
[0.323s] Level 1:colcon.colcon_core.package_identification:_identify(lstm-fc/outputs/final_v3) by extension 'cmake'
[0.323s] Level 1:colcon.colcon_core.package_identification:_identify(lstm-fc/outputs/final_v3) by extension 'python'
[0.323s] Level 1:colcon.colcon_core.package_identification:_identify(lstm-fc/outputs/final_v3) by extensions ['python_setup_py']
[0.324s] Level 1:colcon.colcon_core.package_identification:_identify(lstm-fc/outputs/final_v3) by extension 'python_setup_py'
[0.324s] Level 1:colcon.colcon_core.package_identification:_identify(lstm-fc/outputs/hypertune) by extensions ['ignore', 'ignore_ament_install']
[0.325s] Level 1:colcon.colcon_core.package_identification:_identify(lstm-fc/outputs/hypertune) by extension 'ignore'
[0.326s] Level 1:colcon.colcon_core.package_identification:_identify(lstm-fc/outputs/hypertune) by extension 'ignore_ament_install'
[0.326s] Level 1:colcon.colcon_core.package_identification:_identify(lstm-fc/outputs/hypertune) by extensions ['colcon_pkg']
[0.326s] Level 1:colcon.colcon_core.package_identification:_identify(lstm-fc/outputs/hypertune) by extension 'colcon_pkg'
[0.326s] Level 1:colcon.colcon_core.package_identification:_identify(lstm-fc/outputs/hypertune) by extensions ['colcon_meta']
[0.327s] Level 1:colcon.colcon_core.package_identification:_identify(lstm-fc/outputs/hypertune) by extension 'colcon_meta'
[0.327s] Level 1:colcon.colcon_core.package_identification:_identify(lstm-fc/outputs/hypertune) by extensions ['ros']
[0.328s] Level 1:colcon.colcon_core.package_identification:_identify(lstm-fc/outputs/hypertune) by extension 'ros'
[0.328s] Level 1:colcon.colcon_core.package_identification:_identify(lstm-fc/outputs/hypertune) by extensions ['cmake', 'python']
[0.329s] Level 1:colcon.colcon_core.package_identification:_identify(lstm-fc/outputs/hypertune) by extension 'cmake'
[0.329s] Level 1:colcon.colcon_core.package_identification:_identify(lstm-fc/outputs/hypertune) by extension 'python'
[0.330s] Level 1:colcon.colcon_core.package_identification:_identify(lstm-fc/outputs/hypertune) by extensions ['python_setup_py']
[0.330s] Level 1:colcon.colcon_core.package_identification:_identify(lstm-fc/outputs/hypertune) by extension 'python_setup_py'
[0.331s] Level 1:colcon.colcon_core.package_identification:_identify(lstm-fc/outputs/hypertune_refined) by extensions ['ignore', 'ignore_ament_install']
[0.331s] Level 1:colcon.colcon_core.package_identification:_identify(lstm-fc/outputs/hypertune_refined) by extension 'ignore'
[0.332s] Level 1:colcon.colcon_core.package_identification:_identify(lstm-fc/outputs/hypertune_refined) by extension 'ignore_ament_install'
[0.333s] Level 1:colcon.colcon_core.package_identification:_identify(lstm-fc/outputs/hypertune_refined) by extensions ['colcon_pkg']
[0.334s] Level 1:colcon.colcon_core.package_identification:_identify(lstm-fc/outputs/hypertune_refined) by extension 'colcon_pkg'
[0.334s] Level 1:colcon.colcon_core.package_identification:_identify(lstm-fc/outputs/hypertune_refined) by extensions ['colcon_meta']
[0.335s] Level 1:colcon.colcon_core.package_identification:_identify(lstm-fc/outputs/hypertune_refined) by extension 'colcon_meta'
[0.335s] Level 1:colcon.colcon_core.package_identification:_identify(lstm-fc/outputs/hypertune_refined) by extensions ['ros']
[0.336s] Level 1:colcon.colcon_core.package_identification:_identify(lstm-fc/outputs/hypertune_refined) by extension 'ros'
[0.336s] Level 1:colcon.colcon_core.package_identification:_identify(lstm-fc/outputs/hypertune_refined) by extensions ['cmake', 'python']
[0.336s] Level 1:colcon.colcon_core.package_identification:_identify(lstm-fc/outputs/hypertune_refined) by extension 'cmake'
[0.336s] Level 1:colcon.colcon_core.package_identification:_identify(lstm-fc/outputs/hypertune_refined) by extension 'python'
[0.337s] Level 1:colcon.colcon_core.package_identification:_identify(lstm-fc/outputs/hypertune_refined) by extensions ['python_setup_py']
[0.337s] Level 1:colcon.colcon_core.package_identification:_identify(lstm-fc/outputs/hypertune_refined) by extension 'python_setup_py'
[0.338s] Level 1:colcon.colcon_core.package_identification:_identify(lstm-fc/outputs/hypertune_v3) by extensions ['ignore', 'ignore_ament_install']
[0.338s] Level 1:colcon.colcon_core.package_identification:_identify(lstm-fc/outputs/hypertune_v3) by extension 'ignore'
[0.339s] Level 1:colcon.colcon_core.package_identification:_identify(lstm-fc/outputs/hypertune_v3) by extension 'ignore_ament_install'
[0.339s] Level 1:colcon.colcon_core.package_identification:_identify(lstm-fc/outputs/hypertune_v3) by extensions ['colcon_pkg']
[0.340s] Level 1:colcon.colcon_core.package_identification:_identify(lstm-fc/outputs/hypertune_v3) by extension 'colcon_pkg'
[0.340s] Level 1:colcon.colcon_core.package_identification:_identify(lstm-fc/outputs/hypertune_v3) by extensions ['colcon_meta']
[0.341s] Level 1:colcon.colcon_core.package_identification:_identify(lstm-fc/outputs/hypertune_v3) by extension 'colcon_meta'
[0.341s] Level 1:colcon.colcon_core.package_identification:_identify(lstm-fc/outputs/hypertune_v3) by extensions ['ros']
[0.341s] Level 1:colcon.colcon_core.package_identification:_identify(lstm-fc/outputs/hypertune_v3) by extension 'ros'
[0.341s] Level 1:colcon.colcon_core.package_identification:_identify(lstm-fc/outputs/hypertune_v3) by extensions ['cmake', 'python']
[0.342s] Level 1:colcon.colcon_core.package_identification:_identify(lstm-fc/outputs/hypertune_v3) by extension 'cmake'
[0.342s] Level 1:colcon.colcon_core.package_identification:_identify(lstm-fc/outputs/hypertune_v3) by extension 'python'
[0.343s] Level 1:colcon.colcon_core.package_identification:_identify(lstm-fc/outputs/hypertune_v3) by extensions ['python_setup_py']
[0.343s] Level 1:colcon.colcon_core.package_identification:_identify(lstm-fc/outputs/hypertune_v3) by extension 'python_setup_py'
[0.343s] Level 1:colcon.colcon_core.package_discovery:discover_packages(recursive) using defaults
[0.344s] Level 1:colcon.colcon_core.package_discovery:discover_packages(ignore) discover
[0.344s] Level 1:colcon.colcon_core.package_discovery:discover_packages(ignore) using defaults
[0.344s] Level 1:colcon.colcon_core.package_discovery:discover_packages(path) discover
[0.345s] Level 1:colcon.colcon_core.package_discovery:discover_packages(path) using defaults
[0.376s] Level 1:colcon.colcon_core.package_discovery:discover_packages(prefix_path) check parameters
[0.376s] Level 1:colcon.colcon_core.package_discovery:discover_packages(prefix_path) discover
[0.377s] Level 1:colcon.colcon_core.package_discovery:discover_packages(prefix_path) using defaults
[0.377s] Level 5:colcon.colcon_core.verb:set package 'follow' build argument 'cmake_args' from command line to 'None'
[0.377s] Level 5:colcon.colcon_core.verb:set package 'follow' build argument 'cmake_target' from command line to 'None'
[0.378s] Level 5:colcon.colcon_core.verb:set package 'follow' build argument 'cmake_target_skip_unavailable' from command line to 'False'
[0.378s] Level 5:colcon.colcon_core.verb:set package 'follow' build argument 'cmake_clean_cache' from command line to 'False'
[0.378s] Level 5:colcon.colcon_core.verb:set package 'follow' build argument 'cmake_clean_first' from command line to 'False'
[0.378s] Level 5:colcon.colcon_core.verb:set package 'follow' build argument 'cmake_force_configure' from command line to 'False'
[0.379s] Level 5:colcon.colcon_core.verb:set package 'follow' build argument 'ament_cmake_args' from command line to 'None'
[0.379s] Level 5:colcon.colcon_core.verb:set package 'follow' build argument 'catkin_cmake_args' from command line to 'None'
[0.379s] Level 5:colcon.colcon_core.verb:set package 'follow' build argument 'catkin_skip_building_tests' from command line to 'False'
[0.379s] DEBUG:colcon.colcon_core.verb:Building package 'follow' with the following arguments: {'ament_cmake_args': None, 'build_base': '/home/asa410/ros2_ws/src/follow-ahead-project/build/follow', 'catkin_cmake_args': None, 'catkin_skip_building_tests': False, 'cmake_args': None, 'cmake_clean_cache': False, 'cmake_clean_first': False, 'cmake_force_configure': False, 'cmake_target': None, 'cmake_target_skip_unavailable': False, 'install_base': '/home/asa410/ros2_ws/src/follow-ahead-project/install/follow', 'merge_install': False, 'path': '/home/asa410/ros2_ws/src/follow-ahead-project/follow', 'symlink_install': True, 'test_result_base': None}
[0.379s] INFO:colcon.colcon_core.executor:Executing jobs using 'parallel' executor
[0.381s] DEBUG:colcon.colcon_parallel_executor.executor.parallel:run_until_complete
[0.381s] INFO:colcon.colcon_ros.task.ament_python.build:Building ROS package in '/home/asa410/ros2_ws/src/follow-ahead-project/follow' with build type 'ament_python'
[0.382s] Level 1:colcon.colcon_core.shell:create_environment_hook('follow', 'ament_prefix_path')
[0.385s] INFO:colcon.colcon_core.plugin_system:Skipping extension 'colcon_core.shell.bat': Not used on non-Windows systems
[0.385s] INFO:colcon.colcon_core.shell:Creating environment hook '/home/asa410/ros2_ws/src/follow-ahead-project/install/follow/share/follow/hook/ament_prefix_path.ps1'
[0.396s] INFO:colcon.colcon_core.shell:Creating environment descriptor '/home/asa410/ros2_ws/src/follow-ahead-project/install/follow/share/follow/hook/ament_prefix_path.dsv'
[0.404s] INFO:colcon.colcon_core.shell:Creating environment hook '/home/asa410/ros2_ws/src/follow-ahead-project/install/follow/share/follow/hook/ament_prefix_path.sh'
[0.412s] INFO:colcon.colcon_core.shell:Skip shell extension 'powershell' for command environment: Not usable outside of PowerShell
[0.412s] DEBUG:colcon.colcon_core.shell:Skip shell extension 'dsv' for command environment
[0.569s] INFO:colcon.colcon_core.task.python.build:Building Python package in '/home/asa410/ros2_ws/src/follow-ahead-project/follow'
[0.569s] INFO:colcon.colcon_core.shell:Skip shell extension 'powershell' for command environment: Not usable outside of PowerShell
[0.569s] DEBUG:colcon.colcon_core.shell:Skip shell extension 'dsv' for command environment
[1.064s] DEBUG:colcon.colcon_core.event_handler.log_command:Invoking command in '/home/asa410/ros2_ws/src/follow-ahead-project/build/follow': DEBUGINFOD_URLS=https://debuginfod.ubuntu.com PYTHONPATH=/home/asa410/ros2_ws/src/follow-ahead-project/build/follow/prefix_override:/usr/lib/python3/dist-packages/colcon_core/task/python/colcon_distutils_commands:/home/asa410/ros2_ws/src/follow-ahead-project/install/follow/lib/python3.12/site-packages: /usr/bin/python3 -W ignore:setup.py install is deprecated -W ignore:easy_install command is deprecated setup.py develop --editable --build-directory /home/asa410/ros2_ws/src/follow-ahead-project/build/follow/build --no-deps symlink_data
[1.566s] DEBUG:colcon.colcon_core.event_handler.log_command:Invoked command in '/home/asa410/ros2_ws/src/follow-ahead-project/build/follow' returned '1': DEBUGINFOD_URLS=https://debuginfod.ubuntu.com PYTHONPATH=/home/asa410/ros2_ws/src/follow-ahead-project/build/follow/prefix_override:/usr/lib/python3/dist-packages/colcon_core/task/python/colcon_distutils_commands:/home/asa410/ros2_ws/src/follow-ahead-project/install/follow/lib/python3.12/site-packages: /usr/bin/python3 -W ignore:setup.py install is deprecated -W ignore:easy_install command is deprecated setup.py develop --editable --build-directory /home/asa410/ros2_ws/src/follow-ahead-project/build/follow/build --no-deps symlink_data
[1.576s] DEBUG:colcon.colcon_parallel_executor.executor.parallel:closing loop
[1.576s] DEBUG:colcon.colcon_parallel_executor.executor.parallel:loop closed
[1.577s] DEBUG:colcon.colcon_parallel_executor.executor.parallel:run_until_complete finished with '1'
[1.577s] DEBUG:colcon.colcon_core.event_reactor:joining thread
[1.603s] INFO:colcon.colcon_core.plugin_system:Skipping extension 'colcon_notification.desktop_notification.terminal_notifier': Not used on non-Darwin systems
[1.603s] INFO:colcon.colcon_core.plugin_system:Skipping extension 'colcon_notification.desktop_notification.win32': Not used on non-Windows systems
[1.603s] INFO:colcon.colcon_notification.desktop_notification:Sending desktop notification using 'notify2'
