2026-02-28 22:37:04,152 [INFO] lstm_fc.training.trainer: Training on cpu for 50000 steps
2026-02-28 22:37:04,152 [INFO] lstm_fc.training.trainer: Train samples: 1421550, Test samples: 157950
2026-02-28 22:37:04,802 [INFO] lstm_fc.training.trainer: Step 100/50000 | Train Loss: 0.044174 | Test Loss: 0.043217 | LR: 0.000246
2026-02-28 22:37:05,427 [INFO] lstm_fc.training.trainer: Step 200/50000 | Train Loss: 0.045985 | Test Loss: 0.042845 | LR: 0.000263
2026-02-28 22:37:05,992 [INFO] lstm_fc.training.trainer: Step 300/50000 | Train Loss: 0.043113 | Test Loss: 0.044828 | LR: 0.000291
2026-02-28 22:37:06,565 [INFO] lstm_fc.training.trainer: Step 400/50000 | Train Loss: 0.041131 | Test Loss: 0.043365 | LR: 0.000331
2026-02-28 22:37:07,184 [INFO] lstm_fc.training.trainer: Step 500/50000 | Train Loss: 0.042522 | Test Loss: 0.045570 | LR: 0.000381
2026-02-28 22:37:07,749 [INFO] lstm_fc.training.trainer: Step 600/50000 | Train Loss: 0.043821 | Test Loss: 0.042760 | LR: 0.000442
2026-02-28 22:37:08,373 [INFO] lstm_fc.training.trainer: Step 700/50000 | Train Loss: 0.044206 | Test Loss: 0.043922 | LR: 0.000514
2026-02-28 22:37:08,938 [INFO] lstm_fc.training.trainer: Step 800/50000 | Train Loss: 0.045325 | Test Loss: 0.044937 | LR: 0.000596
2026-02-28 22:37:09,514 [INFO] lstm_fc.training.trainer: Step 900/50000 | Train Loss: 0.045696 | Test Loss: 0.043190 | LR: 0.000689
2026-02-28 22:37:10,079 [INFO] lstm_fc.training.trainer: Step 1000/50000 | Train Loss: 0.042686 | Test Loss: 0.044039 | LR: 0.000790
2026-02-28 22:37:10,707 [INFO] lstm_fc.training.trainer: Step 1100/50000 | Train Loss: 0.042978 | Test Loss: 0.041464 | LR: 0.000901
2026-02-28 22:37:11,277 [INFO] lstm_fc.training.trainer: Step 1200/50000 | Train Loss: 0.035702 | Test Loss: 0.039698 | LR: 0.001021
2026-02-28 22:37:11,900 [INFO] lstm_fc.training.trainer: Step 1300/50000 | Train Loss: 0.033858 | Test Loss: 0.031572 | LR: 0.001149
2026-02-28 22:37:12,466 [INFO] lstm_fc.training.trainer: Step 1400/50000 | Train Loss: 0.032532 | Test Loss: 0.031464 | LR: 0.001285
2026-02-28 22:37:13,040 [INFO] lstm_fc.training.trainer: Step 1500/50000 | Train Loss: 0.032177 | Test Loss: 0.033038 | LR: 0.001428
2026-02-28 22:37:13,607 [INFO] lstm_fc.training.trainer: Step 1600/50000 | Train Loss: 0.029664 | Test Loss: 0.027659 | LR: 0.001577
2026-02-28 22:37:14,230 [INFO] lstm_fc.training.trainer: Step 1700/50000 | Train Loss: 0.025803 | Test Loss: 0.030496 | LR: 0.001733
2026-02-28 22:37:14,793 [INFO] lstm_fc.training.trainer: Step 1800/50000 | Train Loss: 0.027129 | Test Loss: 0.028533 | LR: 0.001894
2026-02-28 22:37:15,417 [INFO] lstm_fc.training.trainer: Step 1900/50000 | Train Loss: 0.028454 | Test Loss: 0.031302 | LR: 0.002060
2026-02-28 22:37:15,980 [INFO] lstm_fc.training.trainer: Step 2000/50000 | Train Loss: 0.028308 | Test Loss: 0.029416 | LR: 0.002231
2026-02-28 22:37:16,552 [INFO] lstm_fc.training.trainer: Step 2100/50000 | Train Loss: 0.025255 | Test Loss: 0.030811 | LR: 0.002405
2026-02-28 22:37:17,119 [INFO] lstm_fc.training.trainer: Step 2200/50000 | Train Loss: 0.027213 | Test Loss: 0.025265 | LR: 0.002581
2026-02-28 22:37:17,742 [INFO] lstm_fc.training.trainer: Step 2300/50000 | Train Loss: 0.029612 | Test Loss: 0.026789 | LR: 0.002760
2026-02-28 22:37:18,309 [INFO] lstm_fc.training.trainer: Step 2400/50000 | Train Loss: 0.028308 | Test Loss: 0.026194 | LR: 0.002940
2026-02-28 22:37:18,934 [INFO] lstm_fc.training.trainer: Step 2500/50000 | Train Loss: 0.027441 | Test Loss: 0.023977 | LR: 0.003121
2026-02-28 22:37:19,500 [INFO] lstm_fc.training.trainer: Step 2600/50000 | Train Loss: 0.028653 | Test Loss: 0.026092 | LR: 0.003302
2026-02-28 22:37:20,064 [INFO] lstm_fc.training.trainer: Step 2700/50000 | Train Loss: 0.024939 | Test Loss: 0.028088 | LR: 0.003482
2026-02-28 22:37:20,722 [INFO] lstm_fc.training.trainer: Step 2800/50000 | Train Loss: 0.026956 | Test Loss: 0.026116 | LR: 0.003661
2026-02-28 22:37:21,343 [INFO] lstm_fc.training.trainer: Step 2900/50000 | Train Loss: 0.024678 | Test Loss: 0.019449 | LR: 0.003837
2026-02-28 22:37:21,908 [INFO] lstm_fc.training.trainer: Step 3000/50000 | Train Loss: 0.026868 | Test Loss: 0.025984 | LR: 0.004011
2026-02-28 22:37:22,530 [INFO] lstm_fc.training.trainer: Step 3100/50000 | Train Loss: 0.026986 | Test Loss: 0.023255 | LR: 0.004181
2026-02-28 22:37:23,096 [INFO] lstm_fc.training.trainer: Step 3200/50000 | Train Loss: 0.026177 | Test Loss: 0.025850 | LR: 0.004347
2026-02-28 22:37:23,661 [INFO] lstm_fc.training.trainer: Step 3300/50000 | Train Loss: 0.021665 | Test Loss: 0.022795 | LR: 0.004508
2026-02-28 22:37:24,283 [INFO] lstm_fc.training.trainer: Step 3400/50000 | Train Loss: 0.021706 | Test Loss: 0.024017 | LR: 0.004664
2026-02-28 22:37:24,848 [INFO] lstm_fc.training.trainer: Step 3500/50000 | Train Loss: 0.024329 | Test Loss: 0.025022 | LR: 0.004814
2026-02-28 22:37:25,476 [INFO] lstm_fc.training.trainer: Step 3600/50000 | Train Loss: 0.023516 | Test Loss: 0.023439 | LR: 0.004957
2026-02-28 22:37:26,040 [INFO] lstm_fc.training.trainer: Step 3700/50000 | Train Loss: 0.027107 | Test Loss: 0.026386 | LR: 0.005092
2026-02-28 22:37:26,607 [INFO] lstm_fc.training.trainer: Step 3800/50000 | Train Loss: 0.025691 | Test Loss: 0.022333 | LR: 0.005220
2026-02-28 22:37:27,173 [INFO] lstm_fc.training.trainer: Step 3900/50000 | Train Loss: 0.025145 | Test Loss: 0.019839 | LR: 0.005340
2026-02-28 22:37:27,802 [INFO] lstm_fc.training.trainer: Step 4000/50000 | Train Loss: 0.021595 | Test Loss: 0.027364 | LR: 0.005451
2026-02-28 22:37:28,368 [INFO] lstm_fc.training.trainer: Step 4100/50000 | Train Loss: 0.022402 | Test Loss: 0.023533 | LR: 0.005552
2026-02-28 22:37:28,990 [INFO] lstm_fc.training.trainer: Step 4200/50000 | Train Loss: 0.025077 | Test Loss: 0.021290 | LR: 0.005644
2026-02-28 22:37:29,557 [INFO] lstm_fc.training.trainer: Step 4300/50000 | Train Loss: 0.022333 | Test Loss: 0.025215 | LR: 0.005727
2026-02-28 22:37:30,127 [INFO] lstm_fc.training.trainer: Step 4400/50000 | Train Loss: 0.025268 | Test Loss: 0.024626 | LR: 0.005798
2026-02-28 22:37:30,692 [INFO] lstm_fc.training.trainer: Step 4500/50000 | Train Loss: 0.019583 | Test Loss: 0.024005 | LR: 0.005860
2026-02-28 22:37:31,319 [INFO] lstm_fc.training.trainer: Step 4600/50000 | Train Loss: 0.024228 | Test Loss: 0.023292 | LR: 0.005910
2026-02-28 22:37:31,886 [INFO] lstm_fc.training.trainer: Step 4700/50000 | Train Loss: 0.023211 | Test Loss: 0.021889 | LR: 0.005949
2026-02-28 22:37:32,510 [INFO] lstm_fc.training.trainer: Step 4800/50000 | Train Loss: 0.023999 | Test Loss: 0.025877 | LR: 0.005978
2026-02-28 22:37:33,077 [INFO] lstm_fc.training.trainer: Step 4900/50000 | Train Loss: 0.021735 | Test Loss: 0.024699 | LR: 0.005994
2026-02-28 22:37:33,643 [INFO] lstm_fc.training.trainer: Step 5000/50000 | Train Loss: 0.024977 | Test Loss: 0.025109 | LR: 0.006000
2026-02-28 22:37:34,209 [INFO] lstm_fc.training.trainer: Step 5100/50000 | Train Loss: 0.024620 | Test Loss: 0.021570 | LR: 0.006000
2026-02-28 22:37:34,837 [INFO] lstm_fc.training.trainer: Step 5200/50000 | Train Loss: 0.024828 | Test Loss: 0.023918 | LR: 0.006000
2026-02-28 22:37:35,414 [INFO] lstm_fc.training.trainer: Step 5300/50000 | Train Loss: 0.022367 | Test Loss: 0.020519 | LR: 0.005999
2026-02-28 22:37:36,043 [INFO] lstm_fc.training.trainer: Step 5400/50000 | Train Loss: 0.019108 | Test Loss: 0.022036 | LR: 0.005999
2026-02-28 22:37:36,610 [INFO] lstm_fc.training.trainer: Step 5500/50000 | Train Loss: 0.022221 | Test Loss: 0.022934 | LR: 0.005998
2026-02-28 22:37:37,270 [INFO] lstm_fc.training.trainer: Step 5600/50000 | Train Loss: 0.021069 | Test Loss: 0.022455 | LR: 0.005997
2026-02-28 22:37:37,899 [INFO] lstm_fc.training.trainer: Step 5700/50000 | Train Loss: 0.023423 | Test Loss: 0.018378 | LR: 0.005996
2026-02-28 22:37:38,470 [INFO] lstm_fc.training.trainer: Step 5800/50000 | Train Loss: 0.022352 | Test Loss: 0.022456 | LR: 0.005995
2026-02-28 22:37:39,099 [INFO] lstm_fc.training.trainer: Step 5900/50000 | Train Loss: 0.020962 | Test Loss: 0.023389 | LR: 0.005994
2026-02-28 22:37:39,665 [INFO] lstm_fc.training.trainer: Step 6000/50000 | Train Loss: 0.024346 | Test Loss: 0.020715 | LR: 0.005993
2026-02-28 22:37:40,240 [INFO] lstm_fc.training.trainer: Step 6100/50000 | Train Loss: 0.019711 | Test Loss: 0.020180 | LR: 0.005991
2026-02-28 22:37:40,806 [INFO] lstm_fc.training.trainer: Step 6200/50000 | Train Loss: 0.024750 | Test Loss: 0.021521 | LR: 0.005989
2026-02-28 22:37:41,437 [INFO] lstm_fc.training.trainer: Step 6300/50000 | Train Loss: 0.021578 | Test Loss: 0.019858 | LR: 0.005988
2026-02-28 22:37:42,012 [INFO] lstm_fc.training.trainer: Step 6400/50000 | Train Loss: 0.022337 | Test Loss: 0.020350 | LR: 0.005986
2026-02-28 22:37:42,643 [INFO] lstm_fc.training.trainer: Step 6500/50000 | Train Loss: 0.017801 | Test Loss: 0.021632 | LR: 0.005984
2026-02-28 22:37:43,214 [INFO] lstm_fc.training.trainer: Step 6600/50000 | Train Loss: 0.022821 | Test Loss: 0.019845 | LR: 0.005981
2026-02-28 22:37:43,780 [INFO] lstm_fc.training.trainer: Step 6700/50000 | Train Loss: 0.022862 | Test Loss: 0.022430 | LR: 0.005979
2026-02-28 22:37:44,346 [INFO] lstm_fc.training.trainer: Step 6800/50000 | Train Loss: 0.020062 | Test Loss: 0.018025 | LR: 0.005976
2026-02-28 22:37:44,973 [INFO] lstm_fc.training.trainer: Step 6900/50000 | Train Loss: 0.021286 | Test Loss: 0.020343 | LR: 0.005974
2026-02-28 22:37:45,550 [INFO] lstm_fc.training.trainer: Step 7000/50000 | Train Loss: 0.023605 | Test Loss: 0.019571 | LR: 0.005971
2026-02-28 22:37:46,173 [INFO] lstm_fc.training.trainer: Step 7100/50000 | Train Loss: 0.018681 | Test Loss: 0.020913 | LR: 0.005968
2026-02-28 22:37:46,741 [INFO] lstm_fc.training.trainer: Step 7200/50000 | Train Loss: 0.020583 | Test Loss: 0.022479 | LR: 0.005965
2026-02-28 22:37:47,308 [INFO] lstm_fc.training.trainer: Step 7300/50000 | Train Loss: 0.020415 | Test Loss: 0.019945 | LR: 0.005961
2026-02-28 22:37:47,875 [INFO] lstm_fc.training.trainer: Step 7400/50000 | Train Loss: 0.022156 | Test Loss: 0.022223 | LR: 0.005958
2026-02-28 22:37:48,508 [INFO] lstm_fc.training.trainer: Step 7500/50000 | Train Loss: 0.023204 | Test Loss: 0.019756 | LR: 0.005954
2026-02-28 22:37:49,083 [INFO] lstm_fc.training.trainer: Step 7600/50000 | Train Loss: 0.019452 | Test Loss: 0.024137 | LR: 0.005951
2026-02-28 22:37:49,721 [INFO] lstm_fc.training.trainer: Step 7700/50000 | Train Loss: 0.022640 | Test Loss: 0.023002 | LR: 0.005947
2026-02-28 22:37:50,298 [INFO] lstm_fc.training.trainer: Step 7800/50000 | Train Loss: 0.022325 | Test Loss: 0.021407 | LR: 0.005943
2026-02-28 22:37:50,883 [INFO] lstm_fc.training.trainer: Step 7900/50000 | Train Loss: 0.022264 | Test Loss: 0.023440 | LR: 0.005939
2026-02-28 22:37:51,519 [INFO] lstm_fc.training.trainer: Step 8000/50000 | Train Loss: 0.022323 | Test Loss: 0.021673 | LR: 0.005934
2026-02-28 22:37:52,098 [INFO] lstm_fc.training.trainer: Step 8100/50000 | Train Loss: 0.021384 | Test Loss: 0.021910 | LR: 0.005930
2026-02-28 22:37:52,733 [INFO] lstm_fc.training.trainer: Step 8200/50000 | Train Loss: 0.020644 | Test Loss: 0.020751 | LR: 0.005925
2026-02-28 22:37:53,305 [INFO] lstm_fc.training.trainer: Step 8300/50000 | Train Loss: 0.020844 | Test Loss: 0.023588 | LR: 0.005921
2026-02-28 22:37:53,960 [INFO] lstm_fc.training.trainer: Step 8400/50000 | Train Loss: 0.024714 | Test Loss: 0.019373 | LR: 0.005916
2026-02-28 22:37:54,536 [INFO] lstm_fc.training.trainer: Step 8500/50000 | Train Loss: 0.018944 | Test Loss: 0.022746 | LR: 0.005911
2026-02-28 22:37:55,200 [INFO] lstm_fc.training.trainer: Step 8600/50000 | Train Loss: 0.020812 | Test Loss: 0.024147 | LR: 0.005906
2026-02-28 22:37:55,766 [INFO] lstm_fc.training.trainer: Step 8700/50000 | Train Loss: 0.020090 | Test Loss: 0.020960 | LR: 0.005900
2026-02-28 22:37:56,390 [INFO] lstm_fc.training.trainer: Step 8800/50000 | Train Loss: 0.019681 | Test Loss: 0.020165 | LR: 0.005895
2026-02-28 22:37:56,952 [INFO] lstm_fc.training.trainer: Step 8900/50000 | Train Loss: 0.021220 | Test Loss: 0.019716 | LR: 0.005889
2026-02-28 22:37:57,522 [INFO] lstm_fc.training.trainer: Step 9000/50000 | Train Loss: 0.024043 | Test Loss: 0.023074 | LR: 0.005884
2026-02-28 22:37:58,086 [INFO] lstm_fc.training.trainer: Step 9100/50000 | Train Loss: 0.021842 | Test Loss: 0.019170 | LR: 0.005878
2026-02-28 22:37:58,721 [INFO] lstm_fc.training.trainer: Step 9200/50000 | Train Loss: 0.021398 | Test Loss: 0.020729 | LR: 0.005872
2026-02-28 22:37:59,301 [INFO] lstm_fc.training.trainer: Step 9300/50000 | Train Loss: 0.020963 | Test Loss: 0.020139 | LR: 0.005866
2026-02-28 22:37:59,929 [INFO] lstm_fc.training.trainer: Step 9400/50000 | Train Loss: 0.019547 | Test Loss: 0.020844 | LR: 0.005860
2026-02-28 22:38:00,504 [INFO] lstm_fc.training.trainer: Step 9500/50000 | Train Loss: 0.022034 | Test Loss: 0.021592 | LR: 0.005853
2026-02-28 22:38:01,072 [INFO] lstm_fc.training.trainer: Step 9600/50000 | Train Loss: 0.021341 | Test Loss: 0.021217 | LR: 0.005847
2026-02-28 22:38:01,640 [INFO] lstm_fc.training.trainer: Step 9700/50000 | Train Loss: 0.023708 | Test Loss: 0.019369 | LR: 0.005840
2026-02-28 22:38:02,267 [INFO] lstm_fc.training.trainer: Step 9800/50000 | Train Loss: 0.019953 | Test Loss: 0.021708 | LR: 0.005833
2026-02-28 22:38:02,834 [INFO] lstm_fc.training.trainer: Step 9900/50000 | Train Loss: 0.019659 | Test Loss: 0.019491 | LR: 0.005826
2026-02-28 22:38:03,459 [INFO] lstm_fc.training.trainer: Step 10000/50000 | Train Loss: 0.021700 | Test Loss: 0.022039 | LR: 0.005819
2026-02-28 22:38:03,461 [INFO] lstm_fc.training.trainer: Checkpoint saved: outputs/final_best/checkpoint_step10000.pt
2026-02-28 22:38:04,030 [INFO] lstm_fc.training.trainer: Step 10100/50000 | Train Loss: 0.019087 | Test Loss: 0.022799 | LR: 0.005812
2026-02-28 22:38:04,600 [INFO] lstm_fc.training.trainer: Step 10200/50000 | Train Loss: 0.024411 | Test Loss: 0.023332 | LR: 0.005804
2026-02-28 22:38:05,177 [INFO] lstm_fc.training.trainer: Step 10300/50000 | Train Loss: 0.021299 | Test Loss: 0.021687 | LR: 0.005797
2026-02-28 22:38:05,801 [INFO] lstm_fc.training.trainer: Step 10400/50000 | Train Loss: 0.018837 | Test Loss: 0.020339 | LR: 0.005789
2026-02-28 22:38:06,368 [INFO] lstm_fc.training.trainer: Step 10500/50000 | Train Loss: 0.018887 | Test Loss: 0.024334 | LR: 0.005781
2026-02-28 22:38:06,992 [INFO] lstm_fc.training.trainer: Step 10600/50000 | Train Loss: 0.024107 | Test Loss: 0.019396 | LR: 0.005774
2026-02-28 22:38:07,560 [INFO] lstm_fc.training.trainer: Step 10700/50000 | Train Loss: 0.020789 | Test Loss: 0.018537 | LR: 0.005766
2026-02-28 22:38:08,131 [INFO] lstm_fc.training.trainer: Step 10800/50000 | Train Loss: 0.017430 | Test Loss: 0.021117 | LR: 0.005757
2026-02-28 22:38:08,754 [INFO] lstm_fc.training.trainer: Step 10900/50000 | Train Loss: 0.020187 | Test Loss: 0.018576 | LR: 0.005749
2026-02-28 22:38:09,325 [INFO] lstm_fc.training.trainer: Step 11000/50000 | Train Loss: 0.018731 | Test Loss: 0.020565 | LR: 0.005741
2026-02-28 22:38:09,950 [INFO] lstm_fc.training.trainer: Step 11100/50000 | Train Loss: 0.022202 | Test Loss: 0.021977 | LR: 0.005732
2026-02-28 22:38:10,605 [INFO] lstm_fc.training.trainer: Step 11200/50000 | Train Loss: 0.019658 | Test Loss: 0.019404 | LR: 0.005723
2026-02-28 22:38:11,172 [INFO] lstm_fc.training.trainer: Step 11300/50000 | Train Loss: 0.020608 | Test Loss: 0.020611 | LR: 0.005714
2026-02-28 22:38:11,740 [INFO] lstm_fc.training.trainer: Step 11400/50000 | Train Loss: 0.020929 | Test Loss: 0.021355 | LR: 0.005705
2026-02-28 22:38:12,373 [INFO] lstm_fc.training.trainer: Step 11500/50000 | Train Loss: 0.019551 | Test Loss: 0.019528 | LR: 0.005696
2026-02-28 22:38:12,939 [INFO] lstm_fc.training.trainer: Step 11600/50000 | Train Loss: 0.022006 | Test Loss: 0.020313 | LR: 0.005687
2026-02-28 22:38:13,566 [INFO] lstm_fc.training.trainer: Step 11700/50000 | Train Loss: 0.018696 | Test Loss: 0.020668 | LR: 0.005678
2026-02-28 22:38:14,145 [INFO] lstm_fc.training.trainer: Step 11800/50000 | Train Loss: 0.022199 | Test Loss: 0.021820 | LR: 0.005668
2026-02-28 22:38:14,710 [INFO] lstm_fc.training.trainer: Step 11900/50000 | Train Loss: 0.016822 | Test Loss: 0.019414 | LR: 0.005659
2026-02-28 22:38:15,280 [INFO] lstm_fc.training.trainer: Step 12000/50000 | Train Loss: 0.020257 | Test Loss: 0.025862 | LR: 0.005649
2026-02-28 22:38:15,905 [INFO] lstm_fc.training.trainer: Step 12100/50000 | Train Loss: 0.020206 | Test Loss: 0.019374 | LR: 0.005639
2026-02-28 22:38:16,483 [INFO] lstm_fc.training.trainer: Step 12200/50000 | Train Loss: 0.018118 | Test Loss: 0.019145 | LR: 0.005629
2026-02-28 22:38:17,106 [INFO] lstm_fc.training.trainer: Step 12300/50000 | Train Loss: 0.019458 | Test Loss: 0.021988 | LR: 0.005619
2026-02-28 22:38:17,671 [INFO] lstm_fc.training.trainer: Step 12400/50000 | Train Loss: 0.022486 | Test Loss: 0.019064 | LR: 0.005608
2026-02-28 22:38:18,239 [INFO] lstm_fc.training.trainer: Step 12500/50000 | Train Loss: 0.019051 | Test Loss: 0.020907 | LR: 0.005598
2026-02-28 22:38:18,804 [INFO] lstm_fc.training.trainer: Step 12600/50000 | Train Loss: 0.019802 | Test Loss: 0.022004 | LR: 0.005587
2026-02-28 22:38:19,435 [INFO] lstm_fc.training.trainer: Step 12700/50000 | Train Loss: 0.022937 | Test Loss: 0.019358 | LR: 0.005577
2026-02-28 22:38:20,000 [INFO] lstm_fc.training.trainer: Step 12800/50000 | Train Loss: 0.020848 | Test Loss: 0.018489 | LR: 0.005566
2026-02-28 22:38:20,627 [INFO] lstm_fc.training.trainer: Step 12900/50000 | Train Loss: 0.022368 | Test Loss: 0.019381 | LR: 0.005555
2026-02-28 22:38:21,194 [INFO] lstm_fc.training.trainer: Step 13000/50000 | Train Loss: 0.020861 | Test Loss: 0.022417 | LR: 0.005544
2026-02-28 22:38:21,768 [INFO] lstm_fc.training.trainer: Step 13100/50000 | Train Loss: 0.019878 | Test Loss: 0.020067 | LR: 0.005533
2026-02-28 22:38:22,393 [INFO] lstm_fc.training.trainer: Step 13200/50000 | Train Loss: 0.018170 | Test Loss: 0.017896 | LR: 0.005522
2026-02-28 22:38:22,957 [INFO] lstm_fc.training.trainer: Step 13300/50000 | Train Loss: 0.019741 | Test Loss: 0.020717 | LR: 0.005510
2026-02-28 22:38:23,583 [INFO] lstm_fc.training.trainer: Step 13400/50000 | Train Loss: 0.022571 | Test Loss: 0.019492 | LR: 0.005499
2026-02-28 22:38:24,162 [INFO] lstm_fc.training.trainer: Step 13500/50000 | Train Loss: 0.018218 | Test Loss: 0.019222 | LR: 0.005487
2026-02-28 22:38:24,727 [INFO] lstm_fc.training.trainer: Step 13600/50000 | Train Loss: 0.020194 | Test Loss: 0.020491 | LR: 0.005475
2026-02-28 22:38:25,296 [INFO] lstm_fc.training.trainer: Step 13700/50000 | Train Loss: 0.018027 | Test Loss: 0.017861 | LR: 0.005463
2026-02-28 22:38:25,919 [INFO] lstm_fc.training.trainer: Step 13800/50000 | Train Loss: 0.019903 | Test Loss: 0.017148 | LR: 0.005451
2026-02-28 22:38:26,578 [INFO] lstm_fc.training.trainer: Step 13900/50000 | Train Loss: 0.020556 | Test Loss: 0.020235 | LR: 0.005439
2026-02-28 22:38:27,203 [INFO] lstm_fc.training.trainer: Step 14000/50000 | Train Loss: 0.019055 | Test Loss: 0.022446 | LR: 0.005427
2026-02-28 22:38:27,769 [INFO] lstm_fc.training.trainer: Step 14100/50000 | Train Loss: 0.018886 | Test Loss: 0.023172 | LR: 0.005415
2026-02-28 22:38:28,338 [INFO] lstm_fc.training.trainer: Step 14200/50000 | Train Loss: 0.017725 | Test Loss: 0.019358 | LR: 0.005402
2026-02-28 22:38:28,903 [INFO] lstm_fc.training.trainer: Step 14300/50000 | Train Loss: 0.020319 | Test Loss: 0.018964 | LR: 0.005389
2026-02-28 22:38:29,535 [INFO] lstm_fc.training.trainer: Step 14400/50000 | Train Loss: 0.020138 | Test Loss: 0.020685 | LR: 0.005377
2026-02-28 22:38:30,105 [INFO] lstm_fc.training.trainer: Step 14500/50000 | Train Loss: 0.019563 | Test Loss: 0.023090 | LR: 0.005364
2026-02-28 22:38:30,729 [INFO] lstm_fc.training.trainer: Step 14600/50000 | Train Loss: 0.019426 | Test Loss: 0.019413 | LR: 0.005351
2026-02-28 22:38:31,299 [INFO] lstm_fc.training.trainer: Step 14700/50000 | Train Loss: 0.020571 | Test Loss: 0.019054 | LR: 0.005338
2026-02-28 22:38:31,865 [INFO] lstm_fc.training.trainer: Step 14800/50000 | Train Loss: 0.020201 | Test Loss: 0.019933 | LR: 0.005325
2026-02-28 22:38:32,438 [INFO] lstm_fc.training.trainer: Step 14900/50000 | Train Loss: 0.019326 | Test Loss: 0.018599 | LR: 0.005311
2026-02-28 22:38:33,060 [INFO] lstm_fc.training.trainer: Step 15000/50000 | Train Loss: 0.016658 | Test Loss: 0.019187 | LR: 0.005298
2026-02-28 22:38:33,626 [INFO] lstm_fc.training.trainer: Step 15100/50000 | Train Loss: 0.019355 | Test Loss: 0.019352 | LR: 0.005284
2026-02-28 22:38:34,248 [INFO] lstm_fc.training.trainer: Step 15200/50000 | Train Loss: 0.020469 | Test Loss: 0.019677 | LR: 0.005271
2026-02-28 22:38:34,815 [INFO] lstm_fc.training.trainer: Step 15300/50000 | Train Loss: 0.018832 | Test Loss: 0.019045 | LR: 0.005257
2026-02-28 22:38:35,384 [INFO] lstm_fc.training.trainer: Step 15400/50000 | Train Loss: 0.018829 | Test Loss: 0.020521 | LR: 0.005243
2026-02-28 22:38:36,015 [INFO] lstm_fc.training.trainer: Step 15500/50000 | Train Loss: 0.020449 | Test Loss: 0.021685 | LR: 0.005229
2026-02-28 22:38:36,583 [INFO] lstm_fc.training.trainer: Step 15600/50000 | Train Loss: 0.020672 | Test Loss: 0.021712 | LR: 0.005215
2026-02-28 22:38:37,206 [INFO] lstm_fc.training.trainer: Step 15700/50000 | Train Loss: 0.021334 | Test Loss: 0.019394 | LR: 0.005201
2026-02-28 22:38:37,771 [INFO] lstm_fc.training.trainer: Step 15800/50000 | Train Loss: 0.018752 | Test Loss: 0.020435 | LR: 0.005187
2026-02-28 22:38:38,339 [INFO] lstm_fc.training.trainer: Step 15900/50000 | Train Loss: 0.021043 | Test Loss: 0.016488 | LR: 0.005172
2026-02-28 22:38:38,906 [INFO] lstm_fc.training.trainer: Step 16000/50000 | Train Loss: 0.019029 | Test Loss: 0.017486 | LR: 0.005158
2026-02-28 22:38:39,533 [INFO] lstm_fc.training.trainer: Step 16100/50000 | Train Loss: 0.018290 | Test Loss: 0.018171 | LR: 0.005143
2026-02-28 22:38:40,101 [INFO] lstm_fc.training.trainer: Step 16200/50000 | Train Loss: 0.019299 | Test Loss: 0.019326 | LR: 0.005129
2026-02-28 22:38:40,732 [INFO] lstm_fc.training.trainer: Step 16300/50000 | Train Loss: 0.018928 | Test Loss: 0.018492 | LR: 0.005114
2026-02-28 22:38:41,299 [INFO] lstm_fc.training.trainer: Step 16400/50000 | Train Loss: 0.017797 | Test Loss: 0.018446 | LR: 0.005099
2026-02-28 22:38:41,865 [INFO] lstm_fc.training.trainer: Step 16500/50000 | Train Loss: 0.020636 | Test Loss: 0.018147 | LR: 0.005084
2026-02-28 22:38:42,432 [INFO] lstm_fc.training.trainer: Step 16600/50000 | Train Loss: 0.019591 | Test Loss: 0.019668 | LR: 0.005069
2026-02-28 22:38:43,140 [INFO] lstm_fc.training.trainer: Step 16700/50000 | Train Loss: 0.017388 | Test Loss: 0.018661 | LR: 0.005053
2026-02-28 22:38:43,708 [INFO] lstm_fc.training.trainer: Step 16800/50000 | Train Loss: 0.019609 | Test Loss: 0.019894 | LR: 0.005038
2026-02-28 22:38:44,335 [INFO] lstm_fc.training.trainer: Step 16900/50000 | Train Loss: 0.019623 | Test Loss: 0.018350 | LR: 0.005023
2026-02-28 22:38:44,905 [INFO] lstm_fc.training.trainer: Step 17000/50000 | Train Loss: 0.018913 | Test Loss: 0.018390 | LR: 0.005007
2026-02-28 22:38:45,474 [INFO] lstm_fc.training.trainer: Step 17100/50000 | Train Loss: 0.018959 | Test Loss: 0.016665 | LR: 0.004992
2026-02-28 22:38:46,050 [INFO] lstm_fc.training.trainer: Step 17200/50000 | Train Loss: 0.016080 | Test Loss: 0.019221 | LR: 0.004976
2026-02-28 22:38:46,688 [INFO] lstm_fc.training.trainer: Step 17300/50000 | Train Loss: 0.015849 | Test Loss: 0.018285 | LR: 0.004960
2026-02-28 22:38:47,268 [INFO] lstm_fc.training.trainer: Step 17400/50000 | Train Loss: 0.018441 | Test Loss: 0.018818 | LR: 0.004944
2026-02-28 22:38:47,901 [INFO] lstm_fc.training.trainer: Step 17500/50000 | Train Loss: 0.018022 | Test Loss: 0.017697 | LR: 0.004928
2026-02-28 22:38:48,480 [INFO] lstm_fc.training.trainer: Step 17600/50000 | Train Loss: 0.017820 | Test Loss: 0.017657 | LR: 0.004912
2026-02-28 22:38:49,056 [INFO] lstm_fc.training.trainer: Step 17700/50000 | Train Loss: 0.016885 | Test Loss: 0.016980 | LR: 0.004896
2026-02-28 22:38:49,638 [INFO] lstm_fc.training.trainer: Step 17800/50000 | Train Loss: 0.018945 | Test Loss: 0.019663 | LR: 0.004880
2026-02-28 22:38:50,281 [INFO] lstm_fc.training.trainer: Step 17900/50000 | Train Loss: 0.018627 | Test Loss: 0.018788 | LR: 0.004863
2026-02-28 22:38:50,859 [INFO] lstm_fc.training.trainer: Step 18000/50000 | Train Loss: 0.019499 | Test Loss: 0.015782 | LR: 0.004847
2026-02-28 22:38:51,496 [INFO] lstm_fc.training.trainer: Step 18100/50000 | Train Loss: 0.019493 | Test Loss: 0.017342 | LR: 0.004830
2026-02-28 22:38:52,069 [INFO] lstm_fc.training.trainer: Step 18200/50000 | Train Loss: 0.014831 | Test Loss: 0.017607 | LR: 0.004814
2026-02-28 22:38:52,652 [INFO] lstm_fc.training.trainer: Step 18300/50000 | Train Loss: 0.017104 | Test Loss: 0.017236 | LR: 0.004797
2026-02-28 22:38:53,291 [INFO] lstm_fc.training.trainer: Step 18400/50000 | Train Loss: 0.018151 | Test Loss: 0.018042 | LR: 0.004780
2026-02-28 22:38:53,866 [INFO] lstm_fc.training.trainer: Step 18500/50000 | Train Loss: 0.016617 | Test Loss: 0.019023 | LR: 0.004763
2026-02-28 22:38:54,508 [INFO] lstm_fc.training.trainer: Step 18600/50000 | Train Loss: 0.017357 | Test Loss: 0.021423 | LR: 0.004746
2026-02-28 22:38:55,085 [INFO] lstm_fc.training.trainer: Step 18700/50000 | Train Loss: 0.016015 | Test Loss: 0.019984 | LR: 0.004729
2026-02-28 22:38:55,661 [INFO] lstm_fc.training.trainer: Step 18800/50000 | Train Loss: 0.018041 | Test Loss: 0.017714 | LR: 0.004712
2026-02-28 22:38:56,235 [INFO] lstm_fc.training.trainer: Step 18900/50000 | Train Loss: 0.019221 | Test Loss: 0.017632 | LR: 0.004695
2026-02-28 22:38:56,867 [INFO] lstm_fc.training.trainer: Step 19000/50000 | Train Loss: 0.020087 | Test Loss: 0.016992 | LR: 0.004677
2026-02-28 22:38:57,445 [INFO] lstm_fc.training.trainer: Step 19100/50000 | Train Loss: 0.018324 | Test Loss: 0.017309 | LR: 0.004660
2026-02-28 22:38:58,082 [INFO] lstm_fc.training.trainer: Step 19200/50000 | Train Loss: 0.019446 | Test Loss: 0.019501 | LR: 0.004643
2026-02-28 22:38:58,651 [INFO] lstm_fc.training.trainer: Step 19300/50000 | Train Loss: 0.015883 | Test Loss: 0.016036 | LR: 0.004625
2026-02-28 22:38:59,216 [INFO] lstm_fc.training.trainer: Step 19400/50000 | Train Loss: 0.021113 | Test Loss: 0.017624 | LR: 0.004607
2026-02-28 22:38:59,866 [INFO] lstm_fc.training.trainer: Step 19500/50000 | Train Loss: 0.018457 | Test Loss: 0.016092 | LR: 0.004590
2026-02-28 22:39:00,489 [INFO] lstm_fc.training.trainer: Step 19600/50000 | Train Loss: 0.016715 | Test Loss: 0.017797 | LR: 0.004572
2026-02-28 22:39:01,057 [INFO] lstm_fc.training.trainer: Step 19700/50000 | Train Loss: 0.017779 | Test Loss: 0.019983 | LR: 0.004554
2026-02-28 22:39:01,684 [INFO] lstm_fc.training.trainer: Step 19800/50000 | Train Loss: 0.016878 | Test Loss: 0.016466 | LR: 0.004536
2026-02-28 22:39:02,257 [INFO] lstm_fc.training.trainer: Step 19900/50000 | Train Loss: 0.017043 | Test Loss: 0.015852 | LR: 0.004518
2026-02-28 22:39:02,825 [INFO] lstm_fc.training.trainer: Step 20000/50000 | Train Loss: 0.016813 | Test Loss: 0.019549 | LR: 0.004500
2026-02-28 22:39:02,826 [INFO] lstm_fc.training.trainer: Checkpoint saved: outputs/final_best/checkpoint_step20000.pt
2026-02-28 22:39:03,393 [INFO] lstm_fc.training.trainer: Step 20100/50000 | Train Loss: 0.018338 | Test Loss: 0.016782 | LR: 0.004482
2026-02-28 22:39:04,017 [INFO] lstm_fc.training.trainer: Step 20200/50000 | Train Loss: 0.016527 | Test Loss: 0.017405 | LR: 0.004463
2026-02-28 22:39:04,584 [INFO] lstm_fc.training.trainer: Step 20300/50000 | Train Loss: 0.017341 | Test Loss: 0.015899 | LR: 0.004445
2026-02-28 22:39:05,213 [INFO] lstm_fc.training.trainer: Step 20400/50000 | Train Loss: 0.017410 | Test Loss: 0.017170 | LR: 0.004427
2026-02-28 22:39:05,778 [INFO] lstm_fc.training.trainer: Step 20500/50000 | Train Loss: 0.018547 | Test Loss: 0.016939 | LR: 0.004408
2026-02-28 22:39:06,347 [INFO] lstm_fc.training.trainer: Step 20600/50000 | Train Loss: 0.019524 | Test Loss: 0.017413 | LR: 0.004390
2026-02-28 22:39:06,975 [INFO] lstm_fc.training.trainer: Step 20700/50000 | Train Loss: 0.016407 | Test Loss: 0.017006 | LR: 0.004371
2026-02-28 22:39:07,545 [INFO] lstm_fc.training.trainer: Step 20800/50000 | Train Loss: 0.016598 | Test Loss: 0.016247 | LR: 0.004352
2026-02-28 22:39:08,170 [INFO] lstm_fc.training.trainer: Step 20900/50000 | Train Loss: 0.016680 | Test Loss: 0.016475 | LR: 0.004334
2026-02-28 22:39:08,736 [INFO] lstm_fc.training.trainer: Step 21000/50000 | Train Loss: 0.014861 | Test Loss: 0.019920 | LR: 0.004315
2026-02-28 22:39:09,302 [INFO] lstm_fc.training.trainer: Step 21100/50000 | Train Loss: 0.016651 | Test Loss: 0.016798 | LR: 0.004296
2026-02-28 22:39:09,866 [INFO] lstm_fc.training.trainer: Step 21200/50000 | Train Loss: 0.017727 | Test Loss: 0.014605 | LR: 0.004277
2026-02-28 22:39:10,489 [INFO] lstm_fc.training.trainer: Step 21300/50000 | Train Loss: 0.016127 | Test Loss: 0.017371 | LR: 0.004258
2026-02-28 22:39:11,053 [INFO] lstm_fc.training.trainer: Step 21400/50000 | Train Loss: 0.017573 | Test Loss: 0.020192 | LR: 0.004239
2026-02-28 22:39:11,685 [INFO] lstm_fc.training.trainer: Step 21500/50000 | Train Loss: 0.017071 | Test Loss: 0.019266 | LR: 0.004220
2026-02-28 22:39:12,252 [INFO] lstm_fc.training.trainer: Step 21600/50000 | Train Loss: 0.017935 | Test Loss: 0.017188 | LR: 0.004201
2026-02-28 22:39:12,817 [INFO] lstm_fc.training.trainer: Step 21700/50000 | Train Loss: 0.016621 | Test Loss: 0.018013 | LR: 0.004182
2026-02-28 22:39:13,384 [INFO] lstm_fc.training.trainer: Step 21800/50000 | Train Loss: 0.019244 | Test Loss: 0.016604 | LR: 0.004162
2026-02-28 22:39:14,006 [INFO] lstm_fc.training.trainer: Step 21900/50000 | Train Loss: 0.020077 | Test Loss: 0.018421 | LR: 0.004143
2026-02-28 22:39:14,573 [INFO] lstm_fc.training.trainer: Step 22000/50000 | Train Loss: 0.017753 | Test Loss: 0.018479 | LR: 0.004124
2026-02-28 22:39:15,198 [INFO] lstm_fc.training.trainer: Step 22100/50000 | Train Loss: 0.016696 | Test Loss: 0.018211 | LR: 0.004104
2026-02-28 22:39:15,765 [INFO] lstm_fc.training.trainer: Step 22200/50000 | Train Loss: 0.015459 | Test Loss: 0.018368 | LR: 0.004085
2026-02-28 22:39:16,420 [INFO] lstm_fc.training.trainer: Step 22300/50000 | Train Loss: 0.018984 | Test Loss: 0.016381 | LR: 0.004065
2026-02-28 22:39:16,990 [INFO] lstm_fc.training.trainer: Step 22400/50000 | Train Loss: 0.016463 | Test Loss: 0.018836 | LR: 0.004046
2026-02-28 22:39:17,612 [INFO] lstm_fc.training.trainer: Step 22500/50000 | Train Loss: 0.017873 | Test Loss: 0.018313 | LR: 0.004026
2026-02-28 22:39:18,179 [INFO] lstm_fc.training.trainer: Step 22600/50000 | Train Loss: 0.019767 | Test Loss: 0.017122 | LR: 0.004006
2026-02-28 22:39:18,806 [INFO] lstm_fc.training.trainer: Step 22700/50000 | Train Loss: 0.016014 | Test Loss: 0.017827 | LR: 0.003986
2026-02-28 22:39:19,376 [INFO] lstm_fc.training.trainer: Step 22800/50000 | Train Loss: 0.016771 | Test Loss: 0.017448 | LR: 0.003967
2026-02-28 22:39:19,942 [INFO] lstm_fc.training.trainer: Step 22900/50000 | Train Loss: 0.016146 | Test Loss: 0.018513 | LR: 0.003947
2026-02-28 22:39:20,572 [INFO] lstm_fc.training.trainer: Step 23000/50000 | Train Loss: 0.015940 | Test Loss: 0.015580 | LR: 0.003927
2026-02-28 22:39:21,140 [INFO] lstm_fc.training.trainer: Step 23100/50000 | Train Loss: 0.016205 | Test Loss: 0.019908 | LR: 0.003907
2026-02-28 22:39:21,769 [INFO] lstm_fc.training.trainer: Step 23200/50000 | Train Loss: 0.017096 | Test Loss: 0.016341 | LR: 0.003887
2026-02-28 22:39:22,335 [INFO] lstm_fc.training.trainer: Step 23300/50000 | Train Loss: 0.018193 | Test Loss: 0.017082 | LR: 0.003867
2026-02-28 22:39:22,899 [INFO] lstm_fc.training.trainer: Step 23400/50000 | Train Loss: 0.017331 | Test Loss: 0.014610 | LR: 0.003847
2026-02-28 22:39:23,467 [INFO] lstm_fc.training.trainer: Step 23500/50000 | Train Loss: 0.017527 | Test Loss: 0.014150 | LR: 0.003827
2026-02-28 22:39:24,091 [INFO] lstm_fc.training.trainer: Step 23600/50000 | Train Loss: 0.016473 | Test Loss: 0.015509 | LR: 0.003807
2026-02-28 22:39:24,664 [INFO] lstm_fc.training.trainer: Step 23700/50000 | Train Loss: 0.016591 | Test Loss: 0.016715 | LR: 0.003786
2026-02-28 22:39:25,289 [INFO] lstm_fc.training.trainer: Step 23800/50000 | Train Loss: 0.016873 | Test Loss: 0.018159 | LR: 0.003766
2026-02-28 22:39:25,857 [INFO] lstm_fc.training.trainer: Step 23900/50000 | Train Loss: 0.016670 | Test Loss: 0.019099 | LR: 0.003746
2026-02-28 22:39:26,425 [INFO] lstm_fc.training.trainer: Step 24000/50000 | Train Loss: 0.017482 | Test Loss: 0.016464 | LR: 0.003726
2026-02-28 22:39:26,995 [INFO] lstm_fc.training.trainer: Step 24100/50000 | Train Loss: 0.016613 | Test Loss: 0.015209 | LR: 0.003705
2026-02-28 22:39:27,624 [INFO] lstm_fc.training.trainer: Step 24200/50000 | Train Loss: 0.017001 | Test Loss: 0.016672 | LR: 0.003685
2026-02-28 22:39:28,193 [INFO] lstm_fc.training.trainer: Step 24300/50000 | Train Loss: 0.016509 | Test Loss: 0.017042 | LR: 0.003664
2026-02-28 22:39:28,818 [INFO] lstm_fc.training.trainer: Step 24400/50000 | Train Loss: 0.015951 | Test Loss: 0.016982 | LR: 0.003644
2026-02-28 22:39:29,387 [INFO] lstm_fc.training.trainer: Step 24500/50000 | Train Loss: 0.016414 | Test Loss: 0.016912 | LR: 0.003624
2026-02-28 22:39:29,951 [INFO] lstm_fc.training.trainer: Step 24600/50000 | Train Loss: 0.017732 | Test Loss: 0.018634 | LR: 0.003603
2026-02-28 22:39:30,518 [INFO] lstm_fc.training.trainer: Step 24700/50000 | Train Loss: 0.015250 | Test Loss: 0.018050 | LR: 0.003583
2026-02-28 22:39:31,149 [INFO] lstm_fc.training.trainer: Step 24800/50000 | Train Loss: 0.014431 | Test Loss: 0.013987 | LR: 0.003562
2026-02-28 22:39:31,717 [INFO] lstm_fc.training.trainer: Step 24900/50000 | Train Loss: 0.016259 | Test Loss: 0.016368 | LR: 0.003541
2026-02-28 22:39:32,432 [INFO] lstm_fc.training.trainer: Step 25000/50000 | Train Loss: 0.015053 | Test Loss: 0.016682 | LR: 0.003521
2026-02-28 22:39:32,997 [INFO] lstm_fc.training.trainer: Step 25100/50000 | Train Loss: 0.017906 | Test Loss: 0.014245 | LR: 0.003500
2026-02-28 22:39:33,566 [INFO] lstm_fc.training.trainer: Step 25200/50000 | Train Loss: 0.017332 | Test Loss: 0.017047 | LR: 0.003479
2026-02-28 22:39:34,134 [INFO] lstm_fc.training.trainer: Step 25300/50000 | Train Loss: 0.015893 | Test Loss: 0.018408 | LR: 0.003459
2026-02-28 22:39:34,757 [INFO] lstm_fc.training.trainer: Step 25400/50000 | Train Loss: 0.018373 | Test Loss: 0.018434 | LR: 0.003438
2026-02-28 22:39:35,326 [INFO] lstm_fc.training.trainer: Step 25500/50000 | Train Loss: 0.014701 | Test Loss: 0.015988 | LR: 0.003417
2026-02-28 22:39:35,950 [INFO] lstm_fc.training.trainer: Step 25600/50000 | Train Loss: 0.016226 | Test Loss: 0.015667 | LR: 0.003397
2026-02-28 22:39:36,518 [INFO] lstm_fc.training.trainer: Step 25700/50000 | Train Loss: 0.016310 | Test Loss: 0.016242 | LR: 0.003376
2026-02-28 22:39:37,082 [INFO] lstm_fc.training.trainer: Step 25800/50000 | Train Loss: 0.016032 | Test Loss: 0.015880 | LR: 0.003355
2026-02-28 22:39:37,716 [INFO] lstm_fc.training.trainer: Step 25900/50000 | Train Loss: 0.016717 | Test Loss: 0.017099 | LR: 0.003334
2026-02-28 22:39:38,282 [INFO] lstm_fc.training.trainer: Step 26000/50000 | Train Loss: 0.015949 | Test Loss: 0.014320 | LR: 0.003313
2026-02-28 22:39:38,909 [INFO] lstm_fc.training.trainer: Step 26100/50000 | Train Loss: 0.017805 | Test Loss: 0.015968 | LR: 0.003293
2026-02-28 22:39:39,476 [INFO] lstm_fc.training.trainer: Step 26200/50000 | Train Loss: 0.018372 | Test Loss: 0.019184 | LR: 0.003272
2026-02-28 22:39:40,039 [INFO] lstm_fc.training.trainer: Step 26300/50000 | Train Loss: 0.016296 | Test Loss: 0.014555 | LR: 0.003251
2026-02-28 22:39:40,605 [INFO] lstm_fc.training.trainer: Step 26400/50000 | Train Loss: 0.016828 | Test Loss: 0.015555 | LR: 0.003230
2026-02-28 22:39:41,229 [INFO] lstm_fc.training.trainer: Step 26500/50000 | Train Loss: 0.015195 | Test Loss: 0.014939 | LR: 0.003209
2026-02-28 22:39:41,794 [INFO] lstm_fc.training.trainer: Step 26600/50000 | Train Loss: 0.015730 | Test Loss: 0.016407 | LR: 0.003188
2026-02-28 22:39:42,418 [INFO] lstm_fc.training.trainer: Step 26700/50000 | Train Loss: 0.017065 | Test Loss: 0.015612 | LR: 0.003167
2026-02-28 22:39:42,988 [INFO] lstm_fc.training.trainer: Step 26800/50000 | Train Loss: 0.016249 | Test Loss: 0.014702 | LR: 0.003146
2026-02-28 22:39:43,554 [INFO] lstm_fc.training.trainer: Step 26900/50000 | Train Loss: 0.014359 | Test Loss: 0.016922 | LR: 0.003125
2026-02-28 22:39:44,120 [INFO] lstm_fc.training.trainer: Step 27000/50000 | Train Loss: 0.017307 | Test Loss: 0.016056 | LR: 0.003105
2026-02-28 22:39:44,745 [INFO] lstm_fc.training.trainer: Step 27100/50000 | Train Loss: 0.015334 | Test Loss: 0.017084 | LR: 0.003084
2026-02-28 22:39:45,313 [INFO] lstm_fc.training.trainer: Step 27200/50000 | Train Loss: 0.016185 | Test Loss: 0.017011 | LR: 0.003063
2026-02-28 22:39:45,935 [INFO] lstm_fc.training.trainer: Step 27300/50000 | Train Loss: 0.014394 | Test Loss: 0.016832 | LR: 0.003042
2026-02-28 22:39:46,505 [INFO] lstm_fc.training.trainer: Step 27400/50000 | Train Loss: 0.016715 | Test Loss: 0.017265 | LR: 0.003021
2026-02-28 22:39:47,073 [INFO] lstm_fc.training.trainer: Step 27500/50000 | Train Loss: 0.016303 | Test Loss: 0.016294 | LR: 0.003000
2026-02-28 22:39:47,643 [INFO] lstm_fc.training.trainer: Step 27600/50000 | Train Loss: 0.016157 | Test Loss: 0.015634 | LR: 0.002979
2026-02-28 22:39:48,273 [INFO] lstm_fc.training.trainer: Step 27700/50000 | Train Loss: 0.016840 | Test Loss: 0.016875 | LR: 0.002958
2026-02-28 22:39:48,922 [INFO] lstm_fc.training.trainer: Step 27800/50000 | Train Loss: 0.014638 | Test Loss: 0.017967 | LR: 0.002937
2026-02-28 22:39:49,550 [INFO] lstm_fc.training.trainer: Step 27900/50000 | Train Loss: 0.015794 | Test Loss: 0.013548 | LR: 0.002916
2026-02-28 22:39:50,118 [INFO] lstm_fc.training.trainer: Step 28000/50000 | Train Loss: 0.020219 | Test Loss: 0.016214 | LR: 0.002895
2026-02-28 22:39:50,686 [INFO] lstm_fc.training.trainer: Step 28100/50000 | Train Loss: 0.014721 | Test Loss: 0.012380 | LR: 0.002874
2026-02-28 22:39:51,315 [INFO] lstm_fc.training.trainer: Step 28200/50000 | Train Loss: 0.016769 | Test Loss: 0.016966 | LR: 0.002853
2026-02-28 22:39:51,881 [INFO] lstm_fc.training.trainer: Step 28300/50000 | Train Loss: 0.015658 | Test Loss: 0.016351 | LR: 0.002832
2026-02-28 22:39:52,509 [INFO] lstm_fc.training.trainer: Step 28400/50000 | Train Loss: 0.016060 | Test Loss: 0.016610 | LR: 0.002811
2026-02-28 22:39:53,080 [INFO] lstm_fc.training.trainer: Step 28500/50000 | Train Loss: 0.014823 | Test Loss: 0.015002 | LR: 0.002791
2026-02-28 22:39:53,651 [INFO] lstm_fc.training.trainer: Step 28600/50000 | Train Loss: 0.013881 | Test Loss: 0.015658 | LR: 0.002770
2026-02-28 22:39:54,218 [INFO] lstm_fc.training.trainer: Step 28700/50000 | Train Loss: 0.015373 | Test Loss: 0.014329 | LR: 0.002749
2026-02-28 22:39:54,843 [INFO] lstm_fc.training.trainer: Step 28800/50000 | Train Loss: 0.013498 | Test Loss: 0.017391 | LR: 0.002728
2026-02-28 22:39:55,411 [INFO] lstm_fc.training.trainer: Step 28900/50000 | Train Loss: 0.014900 | Test Loss: 0.016852 | LR: 0.002707
2026-02-28 22:39:56,035 [INFO] lstm_fc.training.trainer: Step 29000/50000 | Train Loss: 0.016689 | Test Loss: 0.014501 | LR: 0.002686
2026-02-28 22:39:56,607 [INFO] lstm_fc.training.trainer: Step 29100/50000 | Train Loss: 0.015211 | Test Loss: 0.015786 | LR: 0.002665
2026-02-28 22:39:57,174 [INFO] lstm_fc.training.trainer: Step 29200/50000 | Train Loss: 0.014325 | Test Loss: 0.014771 | LR: 0.002645
2026-02-28 22:39:57,740 [INFO] lstm_fc.training.trainer: Step 29300/50000 | Train Loss: 0.015298 | Test Loss: 0.015856 | LR: 0.002624
2026-02-28 22:39:58,375 [INFO] lstm_fc.training.trainer: Step 29400/50000 | Train Loss: 0.013214 | Test Loss: 0.014154 | LR: 0.002603
2026-02-28 22:39:58,940 [INFO] lstm_fc.training.trainer: Step 29500/50000 | Train Loss: 0.014697 | Test Loss: 0.014451 | LR: 0.002582
2026-02-28 22:39:59,564 [INFO] lstm_fc.training.trainer: Step 29600/50000 | Train Loss: 0.016375 | Test Loss: 0.016310 | LR: 0.002562
2026-02-28 22:40:00,132 [INFO] lstm_fc.training.trainer: Step 29700/50000 | Train Loss: 0.014944 | Test Loss: 0.015856 | LR: 0.002541
2026-02-28 22:40:00,695 [INFO] lstm_fc.training.trainer: Step 29800/50000 | Train Loss: 0.014462 | Test Loss: 0.015528 | LR: 0.002520
2026-02-28 22:40:01,262 [INFO] lstm_fc.training.trainer: Step 29900/50000 | Train Loss: 0.014682 | Test Loss: 0.017378 | LR: 0.002500
2026-02-28 22:40:01,891 [INFO] lstm_fc.training.trainer: Step 30000/50000 | Train Loss: 0.015986 | Test Loss: 0.012349 | LR: 0.002479
2026-02-28 22:40:01,892 [INFO] lstm_fc.training.trainer: Checkpoint saved: outputs/final_best/checkpoint_step30000.pt
2026-02-28 22:40:02,461 [INFO] lstm_fc.training.trainer: Step 30100/50000 | Train Loss: 0.015217 | Test Loss: 0.014143 | LR: 0.002458
2026-02-28 22:40:03,084 [INFO] lstm_fc.training.trainer: Step 30200/50000 | Train Loss: 0.014434 | Test Loss: 0.014952 | LR: 0.002438
2026-02-28 22:40:03,650 [INFO] lstm_fc.training.trainer: Step 30300/50000 | Train Loss: 0.016066 | Test Loss: 0.015319 | LR: 0.002417
2026-02-28 22:40:04,217 [INFO] lstm_fc.training.trainer: Step 30400/50000 | Train Loss: 0.015466 | Test Loss: 0.014614 | LR: 0.002397
2026-02-28 22:40:04,846 [INFO] lstm_fc.training.trainer: Step 30500/50000 | Train Loss: 0.016161 | Test Loss: 0.014722 | LR: 0.002376
2026-02-28 22:40:05,495 [INFO] lstm_fc.training.trainer: Step 30600/50000 | Train Loss: 0.016156 | Test Loss: 0.016680 | LR: 0.002356
2026-02-28 22:40:06,119 [INFO] lstm_fc.training.trainer: Step 30700/50000 | Train Loss: 0.014705 | Test Loss: 0.015556 | LR: 0.002335
2026-02-28 22:40:06,687 [INFO] lstm_fc.training.trainer: Step 30800/50000 | Train Loss: 0.015662 | Test Loss: 0.018741 | LR: 0.002315
2026-02-28 22:40:07,256 [INFO] lstm_fc.training.trainer: Step 30900/50000 | Train Loss: 0.013810 | Test Loss: 0.013803 | LR: 0.002294
2026-02-28 22:40:07,826 [INFO] lstm_fc.training.trainer: Step 31000/50000 | Train Loss: 0.017130 | Test Loss: 0.014908 | LR: 0.002274
2026-02-28 22:40:08,453 [INFO] lstm_fc.training.trainer: Step 31100/50000 | Train Loss: 0.015307 | Test Loss: 0.014387 | LR: 0.002254
2026-02-28 22:40:09,029 [INFO] lstm_fc.training.trainer: Step 31200/50000 | Train Loss: 0.015660 | Test Loss: 0.014906 | LR: 0.002233
2026-02-28 22:40:09,657 [INFO] lstm_fc.training.trainer: Step 31300/50000 | Train Loss: 0.015058 | Test Loss: 0.016900 | LR: 0.002213
2026-02-28 22:40:10,225 [INFO] lstm_fc.training.trainer: Step 31400/50000 | Train Loss: 0.013836 | Test Loss: 0.017628 | LR: 0.002193
2026-02-28 22:40:10,793 [INFO] lstm_fc.training.trainer: Step 31500/50000 | Train Loss: 0.015744 | Test Loss: 0.016468 | LR: 0.002173
2026-02-28 22:40:11,361 [INFO] lstm_fc.training.trainer: Step 31600/50000 | Train Loss: 0.013720 | Test Loss: 0.013413 | LR: 0.002153
2026-02-28 22:40:11,993 [INFO] lstm_fc.training.trainer: Step 31700/50000 | Train Loss: 0.015533 | Test Loss: 0.015588 | LR: 0.002133
2026-02-28 22:40:12,563 [INFO] lstm_fc.training.trainer: Step 31800/50000 | Train Loss: 0.013852 | Test Loss: 0.015383 | LR: 0.002113
2026-02-28 22:40:13,198 [INFO] lstm_fc.training.trainer: Step 31900/50000 | Train Loss: 0.015692 | Test Loss: 0.016605 | LR: 0.002093
2026-02-28 22:40:13,769 [INFO] lstm_fc.training.trainer: Step 32000/50000 | Train Loss: 0.015152 | Test Loss: 0.014286 | LR: 0.002073
2026-02-28 22:40:14,342 [INFO] lstm_fc.training.trainer: Step 32100/50000 | Train Loss: 0.015304 | Test Loss: 0.014475 | LR: 0.002053
2026-02-28 22:40:14,910 [INFO] lstm_fc.training.trainer: Step 32200/50000 | Train Loss: 0.018625 | Test Loss: 0.016230 | LR: 0.002033
2026-02-28 22:40:15,537 [INFO] lstm_fc.training.trainer: Step 32300/50000 | Train Loss: 0.014131 | Test Loss: 0.015255 | LR: 0.002013
2026-02-28 22:40:16,101 [INFO] lstm_fc.training.trainer: Step 32400/50000 | Train Loss: 0.013475 | Test Loss: 0.014499 | LR: 0.001993
2026-02-28 22:40:16,736 [INFO] lstm_fc.training.trainer: Step 32500/50000 | Train Loss: 0.016181 | Test Loss: 0.014235 | LR: 0.001974
2026-02-28 22:40:17,306 [INFO] lstm_fc.training.trainer: Step 32600/50000 | Train Loss: 0.015377 | Test Loss: 0.013971 | LR: 0.001954
2026-02-28 22:40:17,876 [INFO] lstm_fc.training.trainer: Step 32700/50000 | Train Loss: 0.014444 | Test Loss: 0.015290 | LR: 0.001934
2026-02-28 22:40:18,448 [INFO] lstm_fc.training.trainer: Step 32800/50000 | Train Loss: 0.014513 | Test Loss: 0.014361 | LR: 0.001915
2026-02-28 22:40:19,076 [INFO] lstm_fc.training.trainer: Step 32900/50000 | Train Loss: 0.016645 | Test Loss: 0.013598 | LR: 0.001895
2026-02-28 22:40:19,646 [INFO] lstm_fc.training.trainer: Step 33000/50000 | Train Loss: 0.014560 | Test Loss: 0.015298 | LR: 0.001876
2026-02-28 22:40:20,291 [INFO] lstm_fc.training.trainer: Step 33100/50000 | Train Loss: 0.015967 | Test Loss: 0.016387 | LR: 0.001857
2026-02-28 22:40:20,860 [INFO] lstm_fc.training.trainer: Step 33200/50000 | Train Loss: 0.016572 | Test Loss: 0.014737 | LR: 0.001837
2026-02-28 22:40:21,431 [INFO] lstm_fc.training.trainer: Step 33300/50000 | Train Loss: 0.018082 | Test Loss: 0.014443 | LR: 0.001818
2026-02-28 22:40:22,141 [INFO] lstm_fc.training.trainer: Step 33400/50000 | Train Loss: 0.014028 | Test Loss: 0.019269 | LR: 0.001799
2026-02-28 22:40:22,711 [INFO] lstm_fc.training.trainer: Step 33500/50000 | Train Loss: 0.013811 | Test Loss: 0.013477 | LR: 0.001780
2026-02-28 22:40:23,341 [INFO] lstm_fc.training.trainer: Step 33600/50000 | Train Loss: 0.015693 | Test Loss: 0.015552 | LR: 0.001761
2026-02-28 22:40:23,912 [INFO] lstm_fc.training.trainer: Step 33700/50000 | Train Loss: 0.015513 | Test Loss: 0.013878 | LR: 0.001741
2026-02-28 22:40:24,490 [INFO] lstm_fc.training.trainer: Step 33800/50000 | Train Loss: 0.013825 | Test Loss: 0.012909 | LR: 0.001722
2026-02-28 22:40:25,057 [INFO] lstm_fc.training.trainer: Step 33900/50000 | Train Loss: 0.015810 | Test Loss: 0.012584 | LR: 0.001704
2026-02-28 22:40:25,690 [INFO] lstm_fc.training.trainer: Step 34000/50000 | Train Loss: 0.013487 | Test Loss: 0.016709 | LR: 0.001685
2026-02-28 22:40:26,259 [INFO] lstm_fc.training.trainer: Step 34100/50000 | Train Loss: 0.015158 | Test Loss: 0.018347 | LR: 0.001666
2026-02-28 22:40:26,882 [INFO] lstm_fc.training.trainer: Step 34200/50000 | Train Loss: 0.016473 | Test Loss: 0.014365 | LR: 0.001647
2026-02-28 22:40:27,451 [INFO] lstm_fc.training.trainer: Step 34300/50000 | Train Loss: 0.014734 | Test Loss: 0.015491 | LR: 0.001629
2026-02-28 22:40:28,016 [INFO] lstm_fc.training.trainer: Step 34400/50000 | Train Loss: 0.015579 | Test Loss: 0.014685 | LR: 0.001610
2026-02-28 22:40:28,589 [INFO] lstm_fc.training.trainer: Step 34500/50000 | Train Loss: 0.015323 | Test Loss: 0.014518 | LR: 0.001591
2026-02-28 22:40:29,221 [INFO] lstm_fc.training.trainer: Step 34600/50000 | Train Loss: 0.016472 | Test Loss: 0.014658 | LR: 0.001573
2026-02-28 22:40:29,786 [INFO] lstm_fc.training.trainer: Step 34700/50000 | Train Loss: 0.016636 | Test Loss: 0.017977 | LR: 0.001555
2026-02-28 22:40:30,411 [INFO] lstm_fc.training.trainer: Step 34800/50000 | Train Loss: 0.014268 | Test Loss: 0.016521 | LR: 0.001536
2026-02-28 22:40:30,974 [INFO] lstm_fc.training.trainer: Step 34900/50000 | Train Loss: 0.014962 | Test Loss: 0.016037 | LR: 0.001518
2026-02-28 22:40:31,540 [INFO] lstm_fc.training.trainer: Step 35000/50000 | Train Loss: 0.015733 | Test Loss: 0.016617 | LR: 0.001500
2026-02-28 22:40:32,109 [INFO] lstm_fc.training.trainer: Step 35100/50000 | Train Loss: 0.015248 | Test Loss: 0.015225 | LR: 0.001482
2026-02-28 22:40:32,733 [INFO] lstm_fc.training.trainer: Step 35200/50000 | Train Loss: 0.014607 | Test Loss: 0.015226 | LR: 0.001464
2026-02-28 22:40:33,299 [INFO] lstm_fc.training.trainer: Step 35300/50000 | Train Loss: 0.015968 | Test Loss: 0.014419 | LR: 0.001446
2026-02-28 22:40:33,921 [INFO] lstm_fc.training.trainer: Step 35400/50000 | Train Loss: 0.014968 | Test Loss: 0.016299 | LR: 0.001428
2026-02-28 22:40:34,487 [INFO] lstm_fc.training.trainer: Step 35500/50000 | Train Loss: 0.017969 | Test Loss: 0.016224 | LR: 0.001410
2026-02-28 22:40:35,054 [INFO] lstm_fc.training.trainer: Step 35600/50000 | Train Loss: 0.015882 | Test Loss: 0.014590 | LR: 0.001392
2026-02-28 22:40:35,679 [INFO] lstm_fc.training.trainer: Step 35700/50000 | Train Loss: 0.013293 | Test Loss: 0.016025 | LR: 0.001375
2026-02-28 22:40:36,248 [INFO] lstm_fc.training.trainer: Step 35800/50000 | Train Loss: 0.015738 | Test Loss: 0.014060 | LR: 0.001357
2026-02-28 22:40:36,872 [INFO] lstm_fc.training.trainer: Step 35900/50000 | Train Loss: 0.016752 | Test Loss: 0.014208 | LR: 0.001340
2026-02-28 22:40:37,441 [INFO] lstm_fc.training.trainer: Step 36000/50000 | Train Loss: 0.015222 | Test Loss: 0.013228 | LR: 0.001322
2026-02-28 22:40:38,091 [INFO] lstm_fc.training.trainer: Step 36100/50000 | Train Loss: 0.014921 | Test Loss: 0.015403 | LR: 0.001305
2026-02-28 22:40:38,661 [INFO] lstm_fc.training.trainer: Step 36200/50000 | Train Loss: 0.014877 | Test Loss: 0.014974 | LR: 0.001288
2026-02-28 22:40:39,291 [INFO] lstm_fc.training.trainer: Step 36300/50000 | Train Loss: 0.016414 | Test Loss: 0.013321 | LR: 0.001271
2026-02-28 22:40:39,855 [INFO] lstm_fc.training.trainer: Step 36400/50000 | Train Loss: 0.013003 | Test Loss: 0.014696 | LR: 0.001253
2026-02-28 22:40:40,479 [INFO] lstm_fc.training.trainer: Step 36500/50000 | Train Loss: 0.015444 | Test Loss: 0.014595 | LR: 0.001236
2026-02-28 22:40:41,042 [INFO] lstm_fc.training.trainer: Step 36600/50000 | Train Loss: 0.015643 | Test Loss: 0.014523 | LR: 0.001220
2026-02-28 22:40:41,608 [INFO] lstm_fc.training.trainer: Step 36700/50000 | Train Loss: 0.015856 | Test Loss: 0.013980 | LR: 0.001203
2026-02-28 22:40:42,177 [INFO] lstm_fc.training.trainer: Step 36800/50000 | Train Loss: 0.015501 | Test Loss: 0.015480 | LR: 0.001186
2026-02-28 22:40:42,800 [INFO] lstm_fc.training.trainer: Step 36900/50000 | Train Loss: 0.014069 | Test Loss: 0.014258 | LR: 0.001169
2026-02-28 22:40:43,367 [INFO] lstm_fc.training.trainer: Step 37000/50000 | Train Loss: 0.012941 | Test Loss: 0.014528 | LR: 0.001153
2026-02-28 22:40:43,989 [INFO] lstm_fc.training.trainer: Step 37100/50000 | Train Loss: 0.017296 | Test Loss: 0.015427 | LR: 0.001136
2026-02-28 22:40:44,557 [INFO] lstm_fc.training.trainer: Step 37200/50000 | Train Loss: 0.015607 | Test Loss: 0.013060 | LR: 0.001120
2026-02-28 22:40:45,123 [INFO] lstm_fc.training.trainer: Step 37300/50000 | Train Loss: 0.012114 | Test Loss: 0.012401 | LR: 0.001104
2026-02-28 22:40:45,689 [INFO] lstm_fc.training.trainer: Step 37400/50000 | Train Loss: 0.014904 | Test Loss: 0.016115 | LR: 0.001088
2026-02-28 22:40:46,315 [INFO] lstm_fc.training.trainer: Step 37500/50000 | Train Loss: 0.013284 | Test Loss: 0.015137 | LR: 0.001071
2026-02-28 22:40:46,881 [INFO] lstm_fc.training.trainer: Step 37600/50000 | Train Loss: 0.014666 | Test Loss: 0.012907 | LR: 0.001056
2026-02-28 22:40:47,514 [INFO] lstm_fc.training.trainer: Step 37700/50000 | Train Loss: 0.018097 | Test Loss: 0.013886 | LR: 0.001040
2026-02-28 22:40:48,079 [INFO] lstm_fc.training.trainer: Step 37800/50000 | Train Loss: 0.013909 | Test Loss: 0.011944 | LR: 0.001024
2026-02-28 22:40:48,648 [INFO] lstm_fc.training.trainer: Step 37900/50000 | Train Loss: 0.014434 | Test Loss: 0.013917 | LR: 0.001008
2026-02-28 22:40:49,273 [INFO] lstm_fc.training.trainer: Step 38000/50000 | Train Loss: 0.015460 | Test Loss: 0.013562 | LR: 0.000992
2026-02-28 22:40:49,841 [INFO] lstm_fc.training.trainer: Step 38100/50000 | Train Loss: 0.015529 | Test Loss: 0.014694 | LR: 0.000977
2026-02-28 22:40:50,468 [INFO] lstm_fc.training.trainer: Step 38200/50000 | Train Loss: 0.015515 | Test Loss: 0.012848 | LR: 0.000962
2026-02-28 22:40:51,033 [INFO] lstm_fc.training.trainer: Step 38300/50000 | Train Loss: 0.014162 | Test Loss: 0.014044 | LR: 0.000946
2026-02-28 22:40:51,598 [INFO] lstm_fc.training.trainer: Step 38400/50000 | Train Loss: 0.015663 | Test Loss: 0.015168 | LR: 0.000931
2026-02-28 22:40:52,169 [INFO] lstm_fc.training.trainer: Step 38500/50000 | Train Loss: 0.016074 | Test Loss: 0.012912 | LR: 0.000916
2026-02-28 22:40:52,793 [INFO] lstm_fc.training.trainer: Step 38600/50000 | Train Loss: 0.014785 | Test Loss: 0.015006 | LR: 0.000901
2026-02-28 22:40:53,362 [INFO] lstm_fc.training.trainer: Step 38700/50000 | Train Loss: 0.016376 | Test Loss: 0.015157 | LR: 0.000886
2026-02-28 22:40:53,986 [INFO] lstm_fc.training.trainer: Step 38800/50000 | Train Loss: 0.016853 | Test Loss: 0.013967 | LR: 0.000871
2026-02-28 22:40:54,632 [INFO] lstm_fc.training.trainer: Step 38900/50000 | Train Loss: 0.012590 | Test Loss: 0.013593 | LR: 0.000856
2026-02-28 22:40:55,204 [INFO] lstm_fc.training.trainer: Step 39000/50000 | Train Loss: 0.015395 | Test Loss: 0.016529 | LR: 0.000842
2026-02-28 22:40:55,769 [INFO] lstm_fc.training.trainer: Step 39100/50000 | Train Loss: 0.015420 | Test Loss: 0.014990 | LR: 0.000827
2026-02-28 22:40:56,395 [INFO] lstm_fc.training.trainer: Step 39200/50000 | Train Loss: 0.014148 | Test Loss: 0.013242 | LR: 0.000813
2026-02-28 22:40:56,962 [INFO] lstm_fc.training.trainer: Step 39300/50000 | Train Loss: 0.013395 | Test Loss: 0.014751 | LR: 0.000799
2026-02-28 22:40:57,588 [INFO] lstm_fc.training.trainer: Step 39400/50000 | Train Loss: 0.013645 | Test Loss: 0.014466 | LR: 0.000785
2026-02-28 22:40:58,158 [INFO] lstm_fc.training.trainer: Step 39500/50000 | Train Loss: 0.015001 | Test Loss: 0.015475 | LR: 0.000770
2026-02-28 22:40:58,723 [INFO] lstm_fc.training.trainer: Step 39600/50000 | Train Loss: 0.014223 | Test Loss: 0.016437 | LR: 0.000756
2026-02-28 22:40:59,298 [INFO] lstm_fc.training.trainer: Step 39700/50000 | Train Loss: 0.017894 | Test Loss: 0.012892 | LR: 0.000743
2026-02-28 22:40:59,921 [INFO] lstm_fc.training.trainer: Step 39800/50000 | Train Loss: 0.013876 | Test Loss: 0.015094 | LR: 0.000729
2026-02-28 22:41:00,488 [INFO] lstm_fc.training.trainer: Step 39900/50000 | Train Loss: 0.013760 | Test Loss: 0.014476 | LR: 0.000715
2026-02-28 22:41:01,111 [INFO] lstm_fc.training.trainer: Step 40000/50000 | Train Loss: 0.012241 | Test Loss: 0.012759 | LR: 0.000702
2026-02-28 22:41:01,112 [INFO] lstm_fc.training.trainer: Checkpoint saved: outputs/final_best/checkpoint_step40000.pt
2026-02-28 22:41:01,677 [INFO] lstm_fc.training.trainer: Step 40100/50000 | Train Loss: 0.016014 | Test Loss: 0.014190 | LR: 0.000688
2026-02-28 22:41:02,245 [INFO] lstm_fc.training.trainer: Step 40200/50000 | Train Loss: 0.015497 | Test Loss: 0.013671 | LR: 0.000675
2026-02-28 22:41:02,812 [INFO] lstm_fc.training.trainer: Step 40300/50000 | Train Loss: 0.017713 | Test Loss: 0.014937 | LR: 0.000662
2026-02-28 22:41:03,439 [INFO] lstm_fc.training.trainer: Step 40400/50000 | Train Loss: 0.015609 | Test Loss: 0.017153 | LR: 0.000649
2026-02-28 22:41:04,010 [INFO] lstm_fc.training.trainer: Step 40500/50000 | Train Loss: 0.014052 | Test Loss: 0.014983 | LR: 0.000636
2026-02-28 22:41:04,635 [INFO] lstm_fc.training.trainer: Step 40600/50000 | Train Loss: 0.013633 | Test Loss: 0.015192 | LR: 0.000623
2026-02-28 22:41:05,199 [INFO] lstm_fc.training.trainer: Step 40700/50000 | Train Loss: 0.017182 | Test Loss: 0.015623 | LR: 0.000610
2026-02-28 22:41:05,763 [INFO] lstm_fc.training.trainer: Step 40800/50000 | Train Loss: 0.013523 | Test Loss: 0.014261 | LR: 0.000598
2026-02-28 22:41:06,388 [INFO] lstm_fc.training.trainer: Step 40900/50000 | Train Loss: 0.015813 | Test Loss: 0.017946 | LR: 0.000585
2026-02-28 22:41:06,951 [INFO] lstm_fc.training.trainer: Step 41000/50000 | Train Loss: 0.012960 | Test Loss: 0.014346 | LR: 0.000573
2026-02-28 22:41:07,577 [INFO] lstm_fc.training.trainer: Step 41100/50000 | Train Loss: 0.014638 | Test Loss: 0.014540 | LR: 0.000561
2026-02-28 22:41:08,142 [INFO] lstm_fc.training.trainer: Step 41200/50000 | Train Loss: 0.014495 | Test Loss: 0.015847 | LR: 0.000548
2026-02-28 22:41:08,711 [INFO] lstm_fc.training.trainer: Step 41300/50000 | Train Loss: 0.015138 | Test Loss: 0.015464 | LR: 0.000536
2026-02-28 22:41:09,278 [INFO] lstm_fc.training.trainer: Step 41400/50000 | Train Loss: 0.013407 | Test Loss: 0.015696 | LR: 0.000525
2026-02-28 22:41:09,902 [INFO] lstm_fc.training.trainer: Step 41500/50000 | Train Loss: 0.013220 | Test Loss: 0.012238 | LR: 0.000513
2026-02-28 22:41:10,469 [INFO] lstm_fc.training.trainer: Step 41600/50000 | Train Loss: 0.016866 | Test Loss: 0.013784 | LR: 0.000501
2026-02-28 22:41:11,173 [INFO] lstm_fc.training.trainer: Step 41700/50000 | Train Loss: 0.014400 | Test Loss: 0.015069 | LR: 0.000490
2026-02-28 22:41:11,737 [INFO] lstm_fc.training.trainer: Step 41800/50000 | Train Loss: 0.015546 | Test Loss: 0.015475 | LR: 0.000478
2026-02-28 22:41:12,303 [INFO] lstm_fc.training.trainer: Step 41900/50000 | Train Loss: 0.014195 | Test Loss: 0.012571 | LR: 0.000467
2026-02-28 22:41:12,866 [INFO] lstm_fc.training.trainer: Step 42000/50000 | Train Loss: 0.013378 | Test Loss: 0.013724 | LR: 0.000456
2026-02-28 22:41:13,497 [INFO] lstm_fc.training.trainer: Step 42100/50000 | Train Loss: 0.014743 | Test Loss: 0.013096 | LR: 0.000445
2026-02-28 22:41:14,062 [INFO] lstm_fc.training.trainer: Step 42200/50000 | Train Loss: 0.016023 | Test Loss: 0.013794 | LR: 0.000434
2026-02-28 22:41:14,685 [INFO] lstm_fc.training.trainer: Step 42300/50000 | Train Loss: 0.015721 | Test Loss: 0.011774 | LR: 0.000423
2026-02-28 22:41:15,251 [INFO] lstm_fc.training.trainer: Step 42400/50000 | Train Loss: 0.015697 | Test Loss: 0.013263 | LR: 0.000412
2026-02-28 22:41:15,814 [INFO] lstm_fc.training.trainer: Step 42500/50000 | Train Loss: 0.014682 | Test Loss: 0.014865 | LR: 0.000402
2026-02-28 22:41:16,380 [INFO] lstm_fc.training.trainer: Step 42600/50000 | Train Loss: 0.014570 | Test Loss: 0.013448 | LR: 0.000391
2026-02-28 22:41:17,011 [INFO] lstm_fc.training.trainer: Step 42700/50000 | Train Loss: 0.016524 | Test Loss: 0.012761 | LR: 0.000381
2026-02-28 22:41:17,578 [INFO] lstm_fc.training.trainer: Step 42800/50000 | Train Loss: 0.015767 | Test Loss: 0.015820 | LR: 0.000371
2026-02-28 22:41:18,204 [INFO] lstm_fc.training.trainer: Step 42900/50000 | Train Loss: 0.012902 | Test Loss: 0.014463 | LR: 0.000361
2026-02-28 22:41:18,768 [INFO] lstm_fc.training.trainer: Step 43000/50000 | Train Loss: 0.014262 | Test Loss: 0.013439 | LR: 0.000351
2026-02-28 22:41:19,333 [INFO] lstm_fc.training.trainer: Step 43100/50000 | Train Loss: 0.013638 | Test Loss: 0.013482 | LR: 0.000341
2026-02-28 22:41:19,958 [INFO] lstm_fc.training.trainer: Step 43200/50000 | Train Loss: 0.014567 | Test Loss: 0.012198 | LR: 0.000332
2026-02-28 22:41:20,527 [INFO] lstm_fc.training.trainer: Step 43300/50000 | Train Loss: 0.014099 | Test Loss: 0.012976 | LR: 0.000322
2026-02-28 22:41:21,164 [INFO] lstm_fc.training.trainer: Step 43400/50000 | Train Loss: 0.015072 | Test Loss: 0.013634 | LR: 0.000313
2026-02-28 22:41:21,729 [INFO] lstm_fc.training.trainer: Step 43500/50000 | Train Loss: 0.013902 | Test Loss: 0.014315 | LR: 0.000304
2026-02-28 22:41:22,293 [INFO] lstm_fc.training.trainer: Step 43600/50000 | Train Loss: 0.013714 | Test Loss: 0.016086 | LR: 0.000294
2026-02-28 22:41:22,856 [INFO] lstm_fc.training.trainer: Step 43700/50000 | Train Loss: 0.015257 | Test Loss: 0.015571 | LR: 0.000285
2026-02-28 22:41:23,483 [INFO] lstm_fc.training.trainer: Step 43800/50000 | Train Loss: 0.014040 | Test Loss: 0.013950 | LR: 0.000277
2026-02-28 22:41:24,047 [INFO] lstm_fc.training.trainer: Step 43900/50000 | Train Loss: 0.016467 | Test Loss: 0.012809 | LR: 0.000268
2026-02-28 22:41:24,674 [INFO] lstm_fc.training.trainer: Step 44000/50000 | Train Loss: 0.016535 | Test Loss: 0.012258 | LR: 0.000259
2026-02-28 22:41:25,240 [INFO] lstm_fc.training.trainer: Step 44100/50000 | Train Loss: 0.016256 | Test Loss: 0.014126 | LR: 0.000251
2026-02-28 22:41:25,813 [INFO] lstm_fc.training.trainer: Step 44200/50000 | Train Loss: 0.014768 | Test Loss: 0.014952 | LR: 0.000243
2026-02-28 22:41:26,379 [INFO] lstm_fc.training.trainer: Step 44300/50000 | Train Loss: 0.015233 | Test Loss: 0.013193 | LR: 0.000234
2026-02-28 22:41:27,003 [INFO] lstm_fc.training.trainer: Step 44400/50000 | Train Loss: 0.014910 | Test Loss: 0.013816 | LR: 0.000226
2026-02-28 22:41:27,655 [INFO] lstm_fc.training.trainer: Step 44500/50000 | Train Loss: 0.015855 | Test Loss: 0.013718 | LR: 0.000218
2026-02-28 22:41:28,280 [INFO] lstm_fc.training.trainer: Step 44600/50000 | Train Loss: 0.016147 | Test Loss: 0.012234 | LR: 0.000211
2026-02-28 22:41:28,848 [INFO] lstm_fc.training.trainer: Step 44700/50000 | Train Loss: 0.014264 | Test Loss: 0.015925 | LR: 0.000203
2026-02-28 22:41:29,415 [INFO] lstm_fc.training.trainer: Step 44800/50000 | Train Loss: 0.016931 | Test Loss: 0.014221 | LR: 0.000195
2026-02-28 22:41:29,989 [INFO] lstm_fc.training.trainer: Step 44900/50000 | Train Loss: 0.012949 | Test Loss: 0.015096 | LR: 0.000188
2026-02-28 22:41:30,618 [INFO] lstm_fc.training.trainer: Step 45000/50000 | Train Loss: 0.015218 | Test Loss: 0.015865 | LR: 0.000181
2026-02-28 22:41:31,188 [INFO] lstm_fc.training.trainer: Step 45100/50000 | Train Loss: 0.016004 | Test Loss: 0.013551 | LR: 0.000174
2026-02-28 22:41:31,813 [INFO] lstm_fc.training.trainer: Step 45200/50000 | Train Loss: 0.014881 | Test Loss: 0.014975 | LR: 0.000167
2026-02-28 22:41:32,383 [INFO] lstm_fc.training.trainer: Step 45300/50000 | Train Loss: 0.013672 | Test Loss: 0.014992 | LR: 0.000160
2026-02-28 22:41:32,949 [INFO] lstm_fc.training.trainer: Step 45400/50000 | Train Loss: 0.012444 | Test Loss: 0.013536 | LR: 0.000153
2026-02-28 22:41:33,529 [INFO] lstm_fc.training.trainer: Step 45500/50000 | Train Loss: 0.015176 | Test Loss: 0.014729 | LR: 0.000147
2026-02-28 22:41:34,154 [INFO] lstm_fc.training.trainer: Step 45600/50000 | Train Loss: 0.016123 | Test Loss: 0.015434 | LR: 0.000140
2026-02-28 22:41:34,781 [INFO] lstm_fc.training.trainer: Step 45700/50000 | Train Loss: 0.014855 | Test Loss: 0.013730 | LR: 0.000134
2026-02-28 22:41:35,350 [INFO] lstm_fc.training.trainer: Step 45800/50000 | Train Loss: 0.015091 | Test Loss: 0.011435 | LR: 0.000128
2026-02-28 22:41:35,917 [INFO] lstm_fc.training.trainer: Step 45900/50000 | Train Loss: 0.015607 | Test Loss: 0.011896 | LR: 0.000122
2026-02-28 22:41:36,485 [INFO] lstm_fc.training.trainer: Step 46000/50000 | Train Loss: 0.014368 | Test Loss: 0.013712 | LR: 0.000116
2026-02-28 22:41:37,121 [INFO] lstm_fc.training.trainer: Step 46100/50000 | Train Loss: 0.013875 | Test Loss: 0.014552 | LR: 0.000110
2026-02-28 22:41:37,687 [INFO] lstm_fc.training.trainer: Step 46200/50000 | Train Loss: 0.015384 | Test Loss: 0.015478 | LR: 0.000105
2026-02-28 22:41:38,313 [INFO] lstm_fc.training.trainer: Step 46300/50000 | Train Loss: 0.014988 | Test Loss: 0.016572 | LR: 0.000099
2026-02-28 22:41:38,881 [INFO] lstm_fc.training.trainer: Step 46400/50000 | Train Loss: 0.013833 | Test Loss: 0.011448 | LR: 0.000094
2026-02-28 22:41:39,449 [INFO] lstm_fc.training.trainer: Step 46500/50000 | Train Loss: 0.014016 | Test Loss: 0.013951 | LR: 0.000089
2026-02-28 22:41:40,028 [INFO] lstm_fc.training.trainer: Step 46600/50000 | Train Loss: 0.015079 | Test Loss: 0.014283 | LR: 0.000084
2026-02-28 22:41:40,654 [INFO] lstm_fc.training.trainer: Step 46700/50000 | Train Loss: 0.013535 | Test Loss: 0.014338 | LR: 0.000079
2026-02-28 22:41:41,221 [INFO] lstm_fc.training.trainer: Step 46800/50000 | Train Loss: 0.014276 | Test Loss: 0.012726 | LR: 0.000075
2026-02-28 22:41:41,843 [INFO] lstm_fc.training.trainer: Step 46900/50000 | Train Loss: 0.013446 | Test Loss: 0.015873 | LR: 0.000070
2026-02-28 22:41:42,409 [INFO] lstm_fc.training.trainer: Step 47000/50000 | Train Loss: 0.014501 | Test Loss: 0.014714 | LR: 0.000066
2026-02-28 22:41:42,971 [INFO] lstm_fc.training.trainer: Step 47100/50000 | Train Loss: 0.011850 | Test Loss: 0.014700 | LR: 0.000061
2026-02-28 22:41:43,619 [INFO] lstm_fc.training.trainer: Step 47200/50000 | Train Loss: 0.015042 | Test Loss: 0.013606 | LR: 0.000057
2026-02-28 22:41:44,246 [INFO] lstm_fc.training.trainer: Step 47300/50000 | Train Loss: 0.013853 | Test Loss: 0.016578 | LR: 0.000053
2026-02-28 22:41:44,813 [INFO] lstm_fc.training.trainer: Step 47400/50000 | Train Loss: 0.016782 | Test Loss: 0.011817 | LR: 0.000049
2026-02-28 22:41:45,440 [INFO] lstm_fc.training.trainer: Step 47500/50000 | Train Loss: 0.012537 | Test Loss: 0.014698 | LR: 0.000046
2026-02-28 22:41:46,005 [INFO] lstm_fc.training.trainer: Step 47600/50000 | Train Loss: 0.015096 | Test Loss: 0.015663 | LR: 0.000042
2026-02-28 22:41:46,577 [INFO] lstm_fc.training.trainer: Step 47700/50000 | Train Loss: 0.015687 | Test Loss: 0.016109 | LR: 0.000039
2026-02-28 22:41:47,146 [INFO] lstm_fc.training.trainer: Step 47800/50000 | Train Loss: 0.015376 | Test Loss: 0.016766 | LR: 0.000035
2026-02-28 22:41:47,772 [INFO] lstm_fc.training.trainer: Step 47900/50000 | Train Loss: 0.015282 | Test Loss: 0.012654 | LR: 0.000032
2026-02-28 22:41:48,340 [INFO] lstm_fc.training.trainer: Step 48000/50000 | Train Loss: 0.012925 | Test Loss: 0.014491 | LR: 0.000029
2026-02-28 22:41:48,963 [INFO] lstm_fc.training.trainer: Step 48100/50000 | Train Loss: 0.013425 | Test Loss: 0.017498 | LR: 0.000026
2026-02-28 22:41:49,538 [INFO] lstm_fc.training.trainer: Step 48200/50000 | Train Loss: 0.015564 | Test Loss: 0.013970 | LR: 0.000024
2026-02-28 22:41:50,105 [INFO] lstm_fc.training.trainer: Step 48300/50000 | Train Loss: 0.014380 | Test Loss: 0.011353 | LR: 0.000021
2026-02-28 22:41:50,729 [INFO] lstm_fc.training.trainer: Step 48400/50000 | Train Loss: 0.013692 | Test Loss: 0.014728 | LR: 0.000019
2026-02-28 22:41:51,295 [INFO] lstm_fc.training.trainer: Step 48500/50000 | Train Loss: 0.014314 | Test Loss: 0.013620 | LR: 0.000016
2026-02-28 22:41:51,916 [INFO] lstm_fc.training.trainer: Step 48600/50000 | Train Loss: 0.012838 | Test Loss: 0.015385 | LR: 0.000014
2026-02-28 22:41:52,482 [INFO] lstm_fc.training.trainer: Step 48700/50000 | Train Loss: 0.014750 | Test Loss: 0.014940 | LR: 0.000012
2026-02-28 22:41:53,054 [INFO] lstm_fc.training.trainer: Step 48800/50000 | Train Loss: 0.014291 | Test Loss: 0.012708 | LR: 0.000011
2026-02-28 22:41:53,621 [INFO] lstm_fc.training.trainer: Step 48900/50000 | Train Loss: 0.014195 | Test Loss: 0.015301 | LR: 0.000009
2026-02-28 22:41:54,264 [INFO] lstm_fc.training.trainer: Step 49000/50000 | Train Loss: 0.013728 | Test Loss: 0.014933 | LR: 0.000007
2026-02-28 22:41:54,830 [INFO] lstm_fc.training.trainer: Step 49100/50000 | Train Loss: 0.014721 | Test Loss: 0.014572 | LR: 0.000006
2026-02-28 22:41:55,455 [INFO] lstm_fc.training.trainer: Step 49200/50000 | Train Loss: 0.013212 | Test Loss: 0.012950 | LR: 0.000005
2026-02-28 22:41:56,021 [INFO] lstm_fc.training.trainer: Step 49300/50000 | Train Loss: 0.014050 | Test Loss: 0.013882 | LR: 0.000004
2026-02-28 22:41:56,600 [INFO] lstm_fc.training.trainer: Step 49400/50000 | Train Loss: 0.012737 | Test Loss: 0.015533 | LR: 0.000003
2026-02-28 22:41:57,168 [INFO] lstm_fc.training.trainer: Step 49500/50000 | Train Loss: 0.013850 | Test Loss: 0.015140 | LR: 0.000002
2026-02-28 22:41:57,791 [INFO] lstm_fc.training.trainer: Step 49600/50000 | Train Loss: 0.015232 | Test Loss: 0.013414 | LR: 0.000001
2026-02-28 22:41:58,359 [INFO] lstm_fc.training.trainer: Step 49700/50000 | Train Loss: 0.011802 | Test Loss: 0.013933 | LR: 0.000001
2026-02-28 22:41:58,985 [INFO] lstm_fc.training.trainer: Step 49800/50000 | Train Loss: 0.015097 | Test Loss: 0.014089 | LR: 0.000000
2026-02-28 22:41:59,570 [INFO] lstm_fc.training.trainer: Step 49900/50000 | Train Loss: 0.015633 | Test Loss: 0.011704 | LR: 0.000000
2026-02-28 22:42:00,241 [INFO] lstm_fc.training.trainer: Step 50000/50000 | Train Loss: 0.013650 | Test Loss: 0.013564 | LR: 0.000000
2026-02-28 22:42:00,242 [INFO] lstm_fc.training.trainer: Checkpoint saved: outputs/final_best/checkpoint_step50000.pt
2026-02-28 22:42:00,242 [INFO] lstm_fc.training.trainer: Final model saved: outputs/final_best/model_final.pt
2026-02-28 22:42:00,714 [INFO] lstm_fc.training.trainer: Loss plot saved
